Component: ARM Compiler 5.06 update 7 (build 960) Tool: armlink [4d3601]

==============================================================================

Section Cross References

    startup_stm32f103xe.o(STACK) refers (Special) to heapauxi.o(.text) for __use_two_region_memory
    startup_stm32f103xe.o(HEAP) refers (Special) to heapauxi.o(.text) for __use_two_region_memory
    startup_stm32f103xe.o(RESET) refers (Special) to heapauxi.o(.text) for __use_two_region_memory
    startup_stm32f103xe.o(RESET) refers to startup_stm32f103xe.o(STACK) for __initial_sp
    startup_stm32f103xe.o(RESET) refers to startup_stm32f103xe.o(.text) for Reset_Handler
    startup_stm32f103xe.o(RESET) refers to stm32f1xx_it.o(i.NMI_Handler) for NMI_Handler
    startup_stm32f103xe.o(RESET) refers to stm32f1xx_it.o(i.HardFault_Handler) for HardFault_Handler
    startup_stm32f103xe.o(RESET) refers to stm32f1xx_it.o(i.MemManage_Handler) for MemManage_Handler
    startup_stm32f103xe.o(RESET) refers to stm32f1xx_it.o(i.BusFault_Handler) for BusFault_Handler
    startup_stm32f103xe.o(RESET) refers to stm32f1xx_it.o(i.UsageFault_Handler) for UsageFault_Handler
    startup_stm32f103xe.o(RESET) refers to stm32f1xx_it.o(i.SVC_Handler) for SVC_Handler
    startup_stm32f103xe.o(RESET) refers to stm32f1xx_it.o(i.DebugMon_Handler) for DebugMon_Handler
    startup_stm32f103xe.o(RESET) refers to stm32f1xx_it.o(i.PendSV_Handler) for PendSV_Handler
    startup_stm32f103xe.o(RESET) refers to stm32f1xx_it.o(i.SysTick_Handler) for SysTick_Handler
    startup_stm32f103xe.o(RESET) refers to stm32f1xx_it.o(i.DMA1_Channel1_IRQHandler) for DMA1_Channel1_IRQHandler
    startup_stm32f103xe.o(RESET) refers to stm32f1xx_it.o(i.DMA1_Channel4_IRQHandler) for DMA1_Channel4_IRQHandler
    startup_stm32f103xe.o(RESET) refers to stm32f1xx_it.o(i.DMA1_Channel5_IRQHandler) for DMA1_Channel5_IRQHandler
    startup_stm32f103xe.o(RESET) refers to stm32f1xx_it.o(i.ADC1_2_IRQHandler) for ADC1_2_IRQHandler
    startup_stm32f103xe.o(RESET) refers to stm32f1xx_it.o(i.TIM2_IRQHandler) for TIM2_IRQHandler
    startup_stm32f103xe.o(RESET) refers to stm32f1xx_it.o(i.USART1_IRQHandler) for USART1_IRQHandler
    startup_stm32f103xe.o(.text) refers (Special) to heapauxi.o(.text) for __use_two_region_memory
    startup_stm32f103xe.o(.text) refers to system_stm32f1xx.o(i.SystemInit) for SystemInit
    startup_stm32f103xe.o(.text) refers to __main.o(!!!main) for __main
    startup_stm32f103xe.o(.text) refers to startup_stm32f103xe.o(HEAP) for Heap_Mem
    startup_stm32f103xe.o(.text) refers to startup_stm32f103xe.o(STACK) for Stack_Mem
    main.o(i.SystemClock_Config) refers to rt_memclr_w.o(.text) for __aeabi_memclr4
    main.o(i.SystemClock_Config) refers to stm32f1xx_hal_rcc.o(i.HAL_RCC_OscConfig) for HAL_RCC_OscConfig
    main.o(i.SystemClock_Config) refers to stm32f1xx_hal_rcc.o(i.HAL_RCC_ClockConfig) for HAL_RCC_ClockConfig
    main.o(i.SystemClock_Config) refers to stm32f1xx_hal_rcc_ex.o(i.HAL_RCCEx_PeriphCLKConfig) for HAL_RCCEx_PeriphCLKConfig
    main.o(i.main) refers to _printf_percent.o(.ARM.Collect$$_printf_percent$$00000000) for _printf_percent
    main.o(i.main) refers to _printf_d.o(.ARM.Collect$$_printf_percent$$00000009) for _printf_d
    main.o(i.main) refers to _printf_dec.o(.text) for _printf_int_dec
    main.o(i.main) refers to _scanf_int.o(.text) for _scanf_int
    main.o(i.main) refers to stm32f1xx_hal.o(i.HAL_Delay) for HAL_Delay
    main.o(i.main) refers to stm32f1xx_hal.o(i.HAL_Init) for HAL_Init
    main.o(i.main) refers to main.o(i.SystemClock_Config) for SystemClock_Config
    main.o(i.main) refers to gpio.o(i.MX_GPIO_Init) for MX_GPIO_Init
    main.o(i.main) refers to dma.o(i.MX_DMA_Init) for MX_DMA_Init
    main.o(i.main) refers to adc.o(i.MX_ADC1_Init) for MX_ADC1_Init
    main.o(i.main) refers to tim.o(i.MX_TIM2_Init) for MX_TIM2_Init
    main.o(i.main) refers to usart.o(i.MX_USART1_UART_Init) for MX_USART1_UART_Init
    main.o(i.main) refers to stm32f1xx_hal_gpio.o(i.HAL_GPIO_WritePin) for HAL_GPIO_WritePin
    main.o(i.main) refers to stm32f1xx_hal_adc_ex.o(i.HAL_ADCEx_Calibration_Start) for HAL_ADCEx_Calibration_Start
    main.o(i.main) refers to stm32f1xx_hal_tim.o(i.HAL_TIM_PWM_Start) for HAL_TIM_PWM_Start
    main.o(i.main) refers to noretval__2printf.o(.text) for __2printf
    main.o(i.main) refers to __0scanf.o(.text) for __0scanf
    main.o(i.main) refers to stm32f1xx_hal_gpio.o(i.HAL_GPIO_ReadPin) for HAL_GPIO_ReadPin
    main.o(i.main) refers to stm32f1xx_hal_adc.o(i.HAL_ADC_Start_DMA) for HAL_ADC_Start_DMA
    main.o(i.main) refers to stm32f1xx_hal_adc.o(i.HAL_ADC_PollForConversion) for HAL_ADC_PollForConversion
    main.o(i.main) refers to stm32f1xx_hal_adc.o(i.HAL_ADC_GetState) for HAL_ADC_GetState
    main.o(i.main) refers to dflt_clz.o(x$fpl$dfltu) for __aeabi_ui2d
    main.o(i.main) refers to dmul.o(x$fpl$dmul) for __aeabi_dmul
    main.o(i.main) refers to dfixu.o(x$fpl$dfixu) for __aeabi_d2uiz
[...]
    i.HAL_NVIC_SetPriorityGrouping           0x080023e4   Section        0  stm32f1xx_hal_cortex.o(i.HAL_NVIC_SetPriorityGrouping)
    i.HAL_RCCEx_GetPeriphCLKFreq             0x08002408   Section        0  stm32f1xx_hal_rcc_ex.o(i.HAL_RCCEx_GetPeriphCLKFreq)
    i.HAL_RCCEx_PeriphCLKConfig              0x080024dc   Section        0  stm32f1xx_hal_rcc_ex.o(i.HAL_RCCEx_PeriphCLKConfig)
    i.HAL_RCC_ClockConfig                    0x080025c8   Section        0  stm32f1xx_hal_rcc.o(i.HAL_RCC_ClockConfig)
    i.HAL_RCC_GetPCLK1Freq                   0x080026f4   Section        0  stm32f1xx_hal_rcc.o(i.HAL_RCC_GetPCLK1Freq)
    i.HAL_RCC_GetPCLK2Freq                   0x08002714   Section        0  stm32f1xx_hal_rcc.o(i.HAL_RCC_GetPCLK2Freq)
    i.HAL_RCC_GetSysClockFreq                0x08002734   Section        0  stm32f1xx_hal_rcc.o(i.HAL_RCC_GetSysClockFreq)
    i.HAL_RCC_OscConfig                      0x080027a0   Section        0  stm32f1xx_hal_rcc.o(i.HAL_RCC_OscConfig)
    i.HAL_SYSTICK_Config                     0x08002ac0   Section        0  stm32f1xx_hal_cortex.o(i.HAL_SYSTICK_Config)
    i.HAL_TIMEx_BreakCallback                0x08002ae8   Section        0  stm32f1xx_hal_tim_ex.o(i.HAL_TIMEx_BreakCallback)
    i.HAL_TIMEx_CommutCallback               0x08002aea   Section        0  stm32f1xx_hal_tim_ex.o(i.HAL_TIMEx_CommutCallback)
    i.HAL_TIMEx_MasterConfigSynchronization  0x08002aec   Section        0  stm32f1xx_hal_tim_ex.o(i.HAL_TIMEx_MasterConfigSynchronization)
    i.HAL_TIM_Base_Init                      0x08002b68   Section        0  stm32f1xx_hal_tim.o(i.HAL_TIM_Base_Init)
    i.HAL_TIM_Base_MspInit                   0x08002bc4   Section        0  tim.o(i.HAL_TIM_Base_MspInit)
    i.HAL_TIM_ConfigClockSource              0x08002bfc   Section        0  stm32f1xx_hal_tim.o(i.HAL_TIM_ConfigClockSource)
    i.HAL_TIM_IC_CaptureCallback             0x08002cd2   Section        0  stm32f1xx_hal_tim.o(i.HAL_TIM_IC_CaptureCallback)
    i.HAL_TIM_IRQHandler                     0x08002cd4   Section        0  stm32f1xx_hal_tim.o(i.HAL_TIM_IRQHandler)
    i.HAL_TIM_MspPostInit                    0x08002e3c   Section        0  tim.o(i.HAL_TIM_MspPostInit)
    i.HAL_TIM_OC_DelayElapsedCallback        0x08002e84   Section        0  stm32f1xx_hal_tim.o(i.HAL_TIM_OC_DelayElapsedCallback)
    i.HAL_TIM_PWM_ConfigChannel              0x08002e86   Section        0  stm32f1xx_hal_tim.o(i.HAL_TIM_PWM_ConfigChannel)
    i.HAL_TIM_PWM_Init                       0x08002f4c   Section        0  stm32f1xx_hal_tim.o(i.HAL_TIM_PWM_Init)
    i.HAL_TIM_PWM_MspInit                    0x08002fa6   Section        0  stm32f1xx_hal_tim.o(i.HAL_TIM_PWM_MspInit)
    i.HAL_TIM_PWM_PulseFinishedCallback      0x08002fa8   Section        0  stm32f1xx_hal_tim.o(i.HAL_TIM_PWM_PulseFinishedCallback)
    i.HAL_TIM_PWM_Start                      0x08002fac   Section        0  stm32f1xx_hal_tim.o(i.HAL_TIM_PWM_Start)
    i.HAL_TIM_PeriodElapsedCallback          0x08003060   Section        0  stm32f1xx_hal_tim.o(i.HAL_TIM_PeriodElapsedCallback)
    i.HAL_TIM_TriggerCallback                0x08003062   Section        0  stm32f1xx_hal_tim.o(i.HAL_TIM_TriggerCallback)
    i.HAL_UARTEx_RxEventCallback             0x08003064   Section        0  stm32f1xx_hal_uart.o(i.HAL_UARTEx_RxEventCallback)
    i.HAL_UART_ErrorCallback                 0x08003066   Section        0  stm32f1xx_hal_uart.o(i.HAL_UART_ErrorCallback)
    i.HAL_UART_IRQHandler                    0x08003068   Section        0  stm32f1xx_hal_uart.o(i.HAL_UART_IRQHandler)
    i.HAL_UART_Init                          0x08003274   Section        0  stm32f1xx_hal_uart.o(i.HAL_UART_Init)
    i.HAL_UART_MspInit                       0x080032d8   Section        0  usart.o(i.HAL_UART_MspInit)
    i.HAL_UART_Receive                       0x080033b8   Section        0  stm32f1xx_hal_uart.o(i.HAL_UART_Receive)
    i.HAL_UART_RxCpltCallback                0x08003478   Section        0  stm32f1xx_hal_uart.o(i.HAL_UART_RxCpltCallback)
    i.HAL_UART_Transmit                      0x0800347c   Section        0  stm32f1xx_hal_uart.o(i.HAL_UART_Transmit)
    i.HAL_UART_TxCpltCallback                0x0800352e   Section        0  stm32f1xx_hal_uart.o(i.HAL_UART_TxCpltCallback)
    i.HardFault_Handler                      0x08003530   Section        0  stm32f1xx_it.o(i.HardFault_Handler)
    i.MX_ADC1_Init                           0x08003534   Section        0  adc.o(i.MX_ADC1_Init)
    i.MX_DMA_Init                            0x08003584   Section        0  dma.o(i.MX_DMA_Init)
    i.MX_GPIO_Init                           0x080035d0   Section        0  gpio.o(i.MX_GPIO_Init)
    i.MX_TIM2_Init                           0x08003680   Section        0  tim.o(i.MX_TIM2_Init)
    i.MX_USART1_UART_Init                    0x08003718   Section        0  usart.o(i.MX_USART1_UART_Init)
    i.MemManage_Handler                      0x08003750   Section        0  stm32f1xx_it.o(i.MemManage_Handler)
    i.NMI_Handler                            0x08003752   Section        0  stm32f1xx_it.o(i.NMI_Handler)
    i.PendSV_Handler                         0x08003754   Section        0  stm32f1xx_it.o(i.PendSV_Handler)
    i.SVC_Handler                            0x08003756   Section        0  stm32f1xx_it.o(i.SVC_Handler)
    i.SysTick_Handler                        0x08003758   Section        0  stm32f1xx_it.o(i.SysTick_Handler)
    i.SystemClock_Config                     0x0800375c   Section        0  main.o(i.SystemClock_Config)
    i.SystemInit                             0x080037d6   Section        0  system_stm32f1xx.o(i.SystemInit)
    i.TIM2_IRQHandler                        0x080037d8   Section        0  stm32f1xx_it.o(i.TIM2_IRQHandler)
    i.TIM_Base_SetConfig                     0x080037e4   Section        0  stm32f1xx_hal_tim.o(i.TIM_Base_SetConfig)
    i.TIM_CCxChannelCmd                      0x08003870   Section        0  stm32f1xx_hal_tim.o(i.TIM_CCxChannelCmd)
    i.TIM_ETR_SetConfig                      0x0800388a   Section        0  stm32f1xx_hal_tim.o(i.TIM_ETR_SetConfig)
    i.TIM_ITRx_SetConfig                     0x0800389e   Section        0  stm32f1xx_hal_tim.o(i.TIM_ITRx_SetConfig)
    TIM_ITRx_SetConfig                       0x0800389f   Thumb Code    16  stm32f1xx_hal_tim.o(i.TIM_ITRx_SetConfig)
    i.TIM_OC1_SetConfig                      0x080038b0   Section        0  stm32f1xx_hal_tim.o(i.TIM_OC1_SetConfig)
    TIM_OC1_SetConfig                        0x080038b1   Thumb Code    88  stm32f1xx_hal_tim.o(i.TIM_OC1_SetConfig)
    i.TIM_OC2_SetConfig                      0x08003910   Section        0  stm32f1xx_hal_tim.o(i.TIM_OC2_SetConfig)
    i.TIM_OC3_SetConfig                      0x0800397c   Section        0  stm32f1xx_hal_tim.o(i.TIM_OC3_SetConfig)
    TIM_OC3_SetConfig                        0x0800397d   Thumb Code    96  stm32f1xx_hal_tim.o(i.TIM_OC3_SetConfig)
    i.TIM_OC4_SetConfig                      0x080039e4   Section        0  stm32f1xx_hal_tim.o(i.TIM_OC4_SetConfig)
    TIM_OC4_SetConfig                        0x080039e5   Thumb Code    70  stm32f1xx_hal_tim.o(i.TIM_OC4_SetConfig)
    i.TIM_TI1_ConfigInputStage               0x08003a34   Section        0  stm32f1xx_hal_tim.o(i.TIM_TI1_ConfigInputStage)
    TIM_TI1_ConfigInputStage                 0x08003a35   Thumb Code    34  stm32f1xx_hal_tim.o(i.TIM_TI1_ConfigInputStage)
    i.TIM_TI2_ConfigInputStage               0x08003a56   Section        0  stm32f1xx_hal_tim.o(i.TIM_TI2_ConfigInputStage)
    TIM_TI2_ConfigInputStage                 0x08003a57   Thumb Code    36  stm32f1xx_hal_tim.o(i.TIM_TI2_ConfigInputStage)
    i.UART_DMAAbortOnError                   0x08003a7a   Section        0  stm32f1xx_hal_uart.o(i.UART_DMAAbortOnError)
    UART_DMAAbortOnError                     0x08003a7b   Thumb Code    16  stm32f1xx_hal_uart.o(i.UART_DMAAbortOnError)
    i.UART_EndRxTransfer                     0x08003a8a   Section        0  stm32f1xx_hal_uart.o(i.UART_EndRxTransfer)
    UART_EndRxTransfer                       0x08003a8b   Thumb Code    48  stm32f1xx_hal_uart.o(i.UART_EndRxTransfer)
    i.UART_Receive_IT                        0x08003aba   Section        0  stm32f1xx_hal_uart.o(i.UART_Receive_IT)
    UART_Receive_IT                          0x08003abb   Thumb Code   182  stm32f1xx_hal_uart.o(i.UART_Receive_IT)
    i.UART_SetConfig                         0x08003b70   Section        0  stm32f1xx_hal_uart.o(i.UART_SetConfig)
    UART_SetConfig                           0x08003b71   Thumb Code   178  stm32f1xx_hal_uart.o(i.UART_SetConfig)
    i.UART_WaitOnFlagUntilTimeout            0x08003c28   Section        0  stm32f1xx_hal_uart.o(i.UART_WaitOnFlagUntilTimeout)
    UART_WaitOnFlagUntilTimeout              0x08003c29   Thumb Code   100  stm32f1xx_hal_uart.o(i.UART_WaitOnFlagUntilTimeout)
    i.USART1_IRQHandler                      0x08003c8c   Section        0  stm32f1xx_it.o(i.USART1_IRQHandler)
    i.UsageFault_Handler                     0x08003c98   Section        0  stm32f1xx_it.o(i.UsageFault_Handler)
    i.__NVIC_SetPriority                     0x08003c9a   Section        0  stm32f1xx_hal_cortex.o(i.__NVIC_SetPriority)
    __NVIC_SetPriority                       0x08003c9b   Thumb Code    32  stm32f1xx_hal_cortex.o(i.__NVIC_SetPriority)
    i.fgetc                                  0x08003cbc   Section        0  usart.o(i.fgetc)
    i.fputc                                  0x08003cdc   Section        0  usart.o(i.fputc)
    i.main                                   0x08003cf4   Section        0  main.o(i.main)
    locale$$code                             0x08003fac   Section       44  lc_ctype_c.o(locale$$code)
    x$fpl$dadd                               0x08003fd8   Section      336  daddsub_clz.o(x$fpl$dadd)
    _dadd1                                   0x08003fe9   Thumb Code     0  daddsub_clz.o(x$fpl$dadd)
    x$fpl$ddiv                               0x08004128   Section      688  ddiv.o(x$fpl$ddiv)
    ddiv_entry                               0x0800412f   Thumb Code     0  ddiv.o(x$fpl$ddiv)
    x$fpl$dfixu                              0x080043d8   Section       90  dfixu.o(x$fpl$dfixu)
    x$fpl$dfltu                              0x08004432   Section       38  dflt_clz.o(x$fpl$dfltu)
    x$fpl$dmul                               0x08004458   Section      340  dmul.o(x$fpl$dmul)
    x$fpl$dnaninf                            0x080045ac   Section      156  dnaninf.o(x$fpl$dnaninf)
    x$fpl$dretinf                            0x08004648   Section       12  dretinf.o(x$fpl$dretinf)
    x$fpl$drsb                               0x08004654   Section       22  daddsub_clz.o(x$fpl$drsb)
    x$fpl$dsub                               0x0800466c   Section      468  daddsub_clz.o(x$fpl$dsub)
    _dsub1                                   0x0800467d   Thumb Code     0  daddsub_clz.o(x$fpl$dsub)
    .constdata                               0x08004840   Section       16  system_stm32f1xx.o(.constdata)
    x$fpl$usenofp                            0x08004840   Section        0  usenofp.o(x$fpl$usenofp)
    .constdata                               0x08004850   Section        8  system_stm32f1xx.o(.constdata)
    .constdata                               0x08004858   Section        4  sys_io.o(.constdata)
    .constdata                               0x0800485c   Section        4  sys_io.o(.constdata)
    .constdata                               0x08004860   Section        4  sys_io.o(.constdata)
    .conststring                             0x08004864   Section      105  main.o(.conststring)
    locale$$data                             0x080048f0   Section      272  lc_ctype_c.o(locale$$data)
    __lcctype_c_name                         0x080048f4   Data           2  lc_ctype_c.o(locale$$data)
    __lcctype_c_start                        0x080048fc   Data           0  lc_ctype_c.o(locale$$data)
    __lcctype_c_end                          0x08004a00   Data           0  lc_ctype_c.o(locale$$data)
    .data                                    0x20000000   Section       16  main.o(.data)
    .data                                    0x20000010   Section       12  stm32f1xx_hal.o(.data)
    .data                                    0x2000001c   Section        4  system_stm32f1xx.o(.data)
    .data                                    0x20000020   Section        4  stdio_streams.o(.data)
    .data                                    0x20000024   Section        4  stdio_streams.o(.data)
    .data                                    0x20000028   Section        4  stdio_streams.o(.data)
    .bss                                     0x2000002c   Section      116  adc.o(.bss)
    .bss                                     0x200000a0   Section       72  tim.o(.bss)
    .bss                                     0x200000e8   Section      204  usart.o(.bss)
    .bss                                     0x200001b4   Section       84  stdio_streams.o(.bss)
    .bss                                     0x20000208   Section       84  stdio_streams.o(.bss)
    .bss                                     0x2000025c   Section       84  stdio_streams.o(.bss)
    .bss                                     0x200002b0   Section       96  libspace.o(.bss)
    HEAP                                     0x20000310   Section      512  startup_stm32f103xe.o(HEAP)
    Heap_Mem                                 0x20000310   Data         512  startup_stm32f103xe.o(HEAP)
    STACK                                    0x20000510   Section     1024  startup_stm32f103xe.o(STACK)
    Stack_Mem                                0x20000510   Data        1024  startup_stm32f103xe.o(STACK)
    __initial_sp                             0x20000910   Data           0  startup_stm32f103xe.o(STACK)

    Global Symbols

    Symbol Name                              Value     Ov Type        Size  Object(Section)

    BuildAttributes$$THM_ISAv4$P$D$K$B$S$PE$A:L22UL41UL21$X:L11$S22US41US21$IEEE1$IW$USESV6$~STKCKD$USESV7$~SHL$OTIME$ROPI$EBA8$UX$STANDARDLIB$REQ8$PRES8$EABIv2 0x00000000   Number         0  anon$$obj.o ABSOLUTE
    __ARM_use_no_argv                        0x00000000   Number         0  main.o ABSOLUTE
    __ARM_exceptions_init                     - Undefined Weak Reference
    __alloca_initialize                       - Undefined Weak Reference
    __arm_fini_                               - Undefined Weak Reference
    __arm_preinit_                            - Undefined Weak Reference
    __cpp_initialize__aeabi_                  - Undefined Weak Reference
    __cxa_finalize                            - Undefined Weak Reference
    __sigvec_lookup                           - Undefined Weak Reference
    __user_heap_extent                        - Undefined Weak Reference
    _atexit_init                              - Undefined Weak Reference
    _call_atexit_fns                          - Undefined Weak Reference
    _clock_init                               - Undefined Weak Reference
    _fp_trap_init                             - Undefined Weak Reference
    _fp_trap_shutdown                         - Undefined Weak Reference
    _get_lc_collate                           - Undefined Weak Reference
    _get_lc_monetary                          - Undefined Weak Reference
    _get_lc_numeric                           - Undefined Weak Reference
    _get_lc_time                              - Undefined Weak Reference
    _getenv_init                              - Undefined Weak Reference
    _handle_redirection                       - Undefined Weak Reference
    _mutex_acquire                            - Undefined Weak Reference
    _mutex_free                               - Undefined Weak Reference
    _mutex_release                            - Undefined Weak Reference
    _printf_post_padding                      - Undefined Weak Reference
    _printf_pre_padding                       - Undefined Weak Reference
    _printf_truncate_signed                   - Undefined Weak Reference
    _printf_truncate_unsigned                 - Undefined Weak Reference
    _rand_init                                - Undefined Weak Reference
    _scanf_longlong                           - Undefined Weak Reference
    _scanf_mbtowc                             - Undefined Weak Reference
    _scanf_real                               - Undefined Weak Reference
    _scanf_string                             - Undefined Weak Reference
    _scanf_wctomb                             - Undefined Weak Reference
    _scanf_wstring                            - Undefined Weak Reference
    _signal_finish                            - Undefined Weak Reference
    _signal_init                              - Undefined Weak Reference
    __Vectors_Size                           0x00000130   Number         0  startup_stm32f103xe.o ABSOLUTE
    __Vectors                                0x08000000   Data           4  startup_stm32f103xe.o(RESET)
    __Vectors_End                            0x08000130   Data           0  startup_stm32f103xe.o(RESET)
    __main                                   0x08000131   Thumb Code     8  __main.o(!!!main)
    __scatterload                            0x08000139   Thumb Code     0  __scatter.o(!!!scatter)
    __scatterload_rt2                        0x08000139   Thumb Code    44  __scatter.o(!!!scatter)
    __scatterload_rt2_thumb_only             0x08000139   Thumb Code     0  __scatter.o(!!!scatter)
    __scatterload_null                       0x08000147   Thumb Code     0  __scatter.o(!!!scatter)
    __scatterload_copy                       0x0800016d   Thumb Code    26  __scatter_copy.o(!!handler_copy)
    __scatterload_zeroinit                   0x08000189   Thumb Code    28  __scatter_zi.o(!!handler_zi)
    _printf_d                                0x080001a5   Thumb Code     0  _printf_d.o(.ARM.Collect$$_printf_percent$$00000009)
    _printf_percent                          0x080001a5   Thumb Code     0  _printf_percent.o(.ARM.Collect$$_printf_percent$$00000000)
    _printf_percent_end                      0x080001ab   Thumb Code     0  _printf_percent_end.o(.ARM.Collect$$_printf_percent$$00000017)
    __rt_lib_init                            0x080001af   Thumb Code     0  libinit.o(.ARM.Collect$$libinit$$00000000)
    __rt_lib_init_fp_1                       0x080001b1   Thumb Code     0  libinit2.o(.ARM.Collect$$libinit$$00000002)
    __rt_lib_init_heap_2                     0x080001b1   Thumb Code     0  libinit2.o(.ARM.Collect$$libinit$$00000005)
    __rt_lib_init_preinit_1                  0x080001b1   Thumb Code     0  libinit2.o(.ARM.Collect$$libinit$$00000004)
    __rt_lib_init_heap_1                     0x080001b9   Thumb Code     0  libinit2.o(.ARM.Collect$$libinit$$0000000A)
    __rt_lib_init_lc_common                  0x080001b9   Thumb Code     0  libinit2.o(.ARM.Collect$$libinit$$0000000F)
    __rt_lib_init_rand_1                     0x080001b9   Thumb Code     0  libinit2.o(.ARM.Collect$$libinit$$0000000E)
    __rt_lib_init_user_alloc_1               0x080001b9   Thumb Code     0  libinit2.o(.ARM.Collect$$libinit$$0000000C)
    __rt_lib_init_lc_collate_1               0x080001bf   Thumb Code     0  libinit2.o(.ARM.Collect$$libinit$$00000011)
    __rt_lib_init_lc_ctype_2                 0x080001bf   Thumb Code     0  libinit2.o(.ARM.Collect$$libinit$$00000012)
    __rt_lib_init_atexit_1                   0x080001cb   Thumb Code     0  libinit2.o(.ARM.Collect$$libinit$$0000001B)
    __rt_lib_init_clock_1                    0x080001cb   Thumb Code     0  libinit2.o(.ARM.Collect$$libinit$$00000021)
    __rt_lib_init_fp_trap_1                  0x080001cb   Thumb Code     0  libinit2.o(.ARM.Collect$$libinit$$0000001F)
    __rt_lib_init_getenv_1                   0x080001cb   Thumb Code     0  libinit2.o(.ARM.Collect$$libinit$$00000023)
    __rt_lib_init_lc_ctype_1                 0x080001cb   Thumb Code     0  libinit2.o(.ARM.Collect$$libinit$$00000013)
    __rt_lib_init_lc_monetary_1              0x080001cb   Thumb Code     0  libinit2.o(.ARM.Collect$$libinit$$00000015)
    __rt_lib_init_lc_numeric_1               0x080001cb   Thumb Code     0  libinit2.o(.ARM.Collect$$libinit$$00000017)
    __rt_lib_init_lc_time_1                  0x080001cb   Thumb Code     0  libinit2.o(.ARM.Collect$$libinit$$00000019)
    __rt_lib_init_signal_1                   0x080001cb   Thumb Code     0  libinit2.o(.ARM.Collect$$libinit$$0000001D)
    __rt_lib_init_stdio_2                    0x080001cb   Thumb Code     0  libinit2.o(.ARM.Collect$$libinit$$00000024)
    __rt_lib_init_alloca_1                   0x080001cf   Thumb Code     0  libinit2.o(.ARM.Collect$$libinit$$0000002E)
    __rt_lib_init_argv_1                     0x080001cf   Thumb Code     0  libinit2.o(.ARM.Collect$$libinit$$0000002C)
    __rt_lib_init_cpp_1                      0x080001cf   Thumb Code     0  libinit2.o(.ARM.Collect$$libinit$$00000032)
    __rt_lib_init_exceptions_1               0x080001cf   Thumb Code     0  libinit2.o(.ARM.Collect$$libinit$$00000030)
    __rt_lib_init_return                     0x080001cf   Thumb Code     0  libinit2.o(.ARM.Collect$$libinit$$00000033)
    __rt_lib_init_stdio_1                    0x080001cf   Thumb Code     0  libinit2.o(.ARM.Collect$$libinit$$00000025)
    __rt_lib_shutdown                        0x080001d1   Thumb Code     0  libshutdown.o(.ARM.Collect$$libshutdown$$00000000)
    __rt_lib_shutdown_cpp_1                  0x080001d3   Thumb Code     0  libshutdown2.o(.ARM.Collect$$libshutdown$$00000004)
    __rt_lib_shutdown_fini_1                 0x080001d3   Thumb Code     0  libshutdown2.o(.ARM.Collect$$libshutdown$$00000002)
    __rt_lib_shutdown_stdio_2                0x080001d3   Thumb Code     0  libshutdown2.o(.ARM.Collect$$libshutdown$$00000005)
    __rt_lib_shutdown_fp_trap_1              0x080001d7   Thumb Code     0  libshutdown2.o(.ARM.Collect$$libshutdown$$00000009)
    __rt_lib_shutdown_heap_1                 0x080001d7   Thumb Code     0  libshutdown2.o(.ARM.Collect$$libshutdown$$00000011)
    __rt_lib_shutdown_return                 0x080001d7   Thumb Code     0  libshutdown2.o(.ARM.Collect$$libshutdown$$00000012)
    __rt_lib_shutdown_signal_1               0x080001d7   Thumb Code     0  libshutdown2.o(.ARM.Collect$$libshutdown$$0000000C)
    __rt_lib_shutdown_stdio_1                0x080001d7   Thumb Code     0  libshutdown2.o(.ARM.Collect$$libshutdown$$00000006)
    __rt_lib_shutdown_user_alloc_1           0x080001d7   Thumb Code     0  libshutdown2.o(.ARM.Collect$$libshutdown$$0000000E)
    __rt_entry                               0x080001d9   Thumb Code     0  __rtentry.o(.ARM.Collect$$rtentry$$00000000)
    __rt_entry_presh_1                       0x080001d9   Thumb Code     0  __rtentry2.o(.ARM.Collect$$rtentry$$00000002)
    __rt_entry_sh                            0x080001d9   Thumb Code     0  __rtentry4.o(.ARM.Collect$$rtentry$$00000004)
    __rt_entry_li                            0x080001df   Thumb Code     0  __rtentry2.o(.ARM.Collect$$rtentry$$0000000A)
    __rt_entry_postsh_1                      0x080001df   Thumb Code     0  __rtentry2.o(.ARM.Collect$$rtentry$$00000009)
    __rt_entry_main                          0x080001e3   Thumb Code     0  __rtentry2.o(.ARM.Collect$$rtentry$$0000000D)
    __rt_entry_postli_1                      0x080001e3   Thumb Code     0  __rtentry2.o(.ARM.Collect$$rtentry$$0000000C)
    __rt_exit                                0x080001eb   Thumb Code     0  rtexit.o(.ARM.Collect$$rtexit$$00000000)
    __rt_exit_ls                             0x080001ed   Thumb Code     0  rtexit2.o(.ARM.Collect$$rtexit$$00000003)
    __rt_exit_prels_1                        0x080001ed   Thumb Code     0  rtexit2.o(.ARM.Collect$$rtexit$$00000002)
    __rt_exit_exit                           0x080001f1   Thumb Code     0  rtexit2.o(.ARM.Collect$$rtexit$$00000004)
    Reset_Handler                            0x080001f9   Thumb Code     8  startup_stm32f103xe.o(.text)
    _maybe_terminate_alloc                   0x080001f9   Thumb Code     0  maybetermalloc1.o(.emb_text)
    ADC3_IRQHandler                          0x08000213   Thumb Code     0  startup_stm32f103xe.o(.text)
    CAN1_RX1_IRQHandler                      0x08000213   Thumb Code     0  startup_stm32f103xe.o(.text)
    CAN1_SCE_IRQHandler                      0x08000213   Thumb Code     0  startup_stm32f103xe.o(.text)
    DMA1_Channel2_IRQHandler                 0x08000213   Thumb Code     0  startup_stm32f103xe.o(.text)
    DMA1_Channel3_IRQHandler                 0x08000213   Thumb Code     0  startup_stm32f103xe.o(.text)
    DMA1_Channel6_IRQHandler                 0x08000213   Thumb Code     0  startup_stm32f103xe.o(.text)
    DMA1_Channel7_IRQHandler                 0x08000213   Thumb Code     0  startup_stm32f103xe.o(.text)
    DMA2_Channel1_IRQHandler                 0x08000213   Thumb Code     0  startup_stm32f103xe.o(.text)
    DMA2_Channel2_IRQHandler                 0x08000213   Thumb Code     0  startup_stm32f103xe.o(.text)
    DMA2_Channel3_IRQHandler                 0x08000213   Thumb Code     0  startup_stm32f103xe.o(.text)
    DMA2_Channel4_5_IRQHandler               0x08000213   Thumb Code     0  startup_stm32f103xe.o(.text)
    EXTI0_IRQHandler                         0x08000213   Thumb Code     0  startup_stm32f103xe.o(.text)
    EXTI15_10_IRQHandler                     0x08000213   Thumb Code     0  startup_stm32f103xe.o(.text)
    EXTI1_IRQHandler                         0x08000213   Thumb Code     0  startup_stm32f103xe.o(.text)
    EXTI2_IRQHandler                         0x08000213   Thumb Code     0  startup_stm32f103xe.o(.text)
    EXTI3_IRQHandler                         0x08000213   Thumb Code     0  startup_stm32f103xe.o(.text)
    EXTI4_IRQHandler                         0x08000213   Thumb Code     0  startup_stm32f103xe.o(.text)
    EXTI9_5_IRQHandler                       0x08000213   Thumb Code     0  startup_stm32f103xe.o(.text)
    FLASH_IRQHandler                         0x08000213   Thumb Code     0  startup_stm32f103xe.o(.text)
    FSMC_IRQHandler                          0x08000213   Thumb Code     0  startup_stm32f103xe.o(.text)
    I2C1_ER_IRQHandler                       0x08000213   Thumb Code     0  startup_stm32f103xe.o(.text)
    I2C1_EV_IRQHandler                       0x08000213   Thumb Code     0  startup_stm32f103xe.o(.text)
    I2C2_ER_IRQHandler                       0x08000213   Thumb Code     0  startup_stm32f103xe.o(.text)
    I2C2_EV_IRQHandler                       0x08000213   Thumb Code     0  startup_stm32f103xe.o(.text)
    PVD_IRQHandler                           0x08000213   Thumb Code     0  startup_stm32f103xe.o(.text)
    RCC_IRQHandler                           0x08000213   Thumb Code     0  startup_stm32f103xe.o(.text)
    RTC_Alarm_IRQHandler                     0x08000213   Thumb Code     0  startup_stm32f103xe.o(.text)
    RTC_IRQHandler                           0x08000213   Thumb Code     0  startup_stm32f103xe.o(.text)
    SDIO_IRQHandler                          0x08000213   Thumb Code     0  startup_stm32f103xe.o(.text)
    SPI1_IRQHandler                          0x08000213   Thumb Code     0  startup_stm32f103xe.o(.text)
    SPI2_IRQHandler                          0x08000213   Thumb Code     0  startup_stm32f103xe.o(.text)
    SPI3_IRQHandler                          0x08000213   Thumb Code     0  startup_stm32f103xe.o(.text)
    TAMPER_IRQHandler                        0x08000213   Thumb Code     0  startup_stm32f103xe.o(.text)
    TIM1_BRK_IRQHandler                      0x08000213   Thumb Code     0  startup_stm32f103xe.o(.text)
    TIM1_CC_IRQHandler                       0x08000213   Thumb Code     0  startup_stm32f103xe.o(.text)
    TIM1_TRG_COM_IRQHandler                  0x08000213   Thumb Code     0  startup_stm32f103xe.o(.text)
    TIM1_UP_IRQHandler                       0x08000213   Thumb Code     0  startup_stm32f103xe.o(.text)
    TIM3_IRQHandler                          0x08000213   Thumb Code     0  startup_stm32f103xe.o(.text)
    TIM4_IRQHandler                          0x08000213   Thumb Code     0  startup_stm32f103xe.o(.text)
    TIM5_IRQHandler                          0x08000213   Thumb Code     0  startup_stm32f103xe.o(.text)
    TIM6_IRQHandler                          0x08000213   Thumb Code     0  startup_stm32f103xe.o(.text)
    TIM7_IRQHandler                          0x08000213   Thumb Code     0  startup_stm32f103xe.o(.text)
    TIM8_BRK_IRQHandler                      0x08000213   Thumb Code     0  startup_stm32f103xe.o(.text)
    TIM8_CC_IRQHandler                       0x08000213   Thumb Code     0  startup_stm32f103xe.o(.text)
    TIM8_TRG_COM_IRQHandler                  0x08000213   Thumb Code     0  startup_stm32f103xe.o(.text)
    TIM8_UP_IRQHandler                       0x08000213   Thumb Code     0  startup_stm32f103xe.o(.text)
    UART4_IRQHandler                         0x08000213   Thumb Code     0  startup_stm32f103xe.o(.text)
    UART5_IRQHandler                         0x08000213   Thumb Code     0  startup_stm32f103xe.o(.text)
    USART2_IRQHandler                        0x08000213   Thumb Code     0  startup_stm32f103xe.o(.text)
    USART3_IRQHandler                        0x08000213   Thumb Code     0  startup_stm32f103xe.o(.text)
    USBWakeUp_IRQHandler                     0x08000213   Thumb Code     0  startup_stm32f103xe.o(.text)
    USB_HP_CAN1_TX_IRQHandler                0x08000213   Thumb Code     0  startup_stm32f103xe.o(.text)
    USB_LP_CAN1_RX0_IRQHandler               0x08000213   Thumb Code     0  startup_stm32f103xe.o(.text)
    WWDG_IRQHandler                          0x08000213   Thumb Code     0  startup_stm32f103xe.o(.text)
    __user_initial_stackheap                 0x08000215   Thumb Code     0  startup_stm32f103xe.o(.text)
    __2printf                                0x08000239   Thumb Code    20  noretval__2printf.o(.text)
    __printf                                 0x08000251   Thumb Code   104  __printf.o(.text)
    _printf_int_dec                          0x080002b9   Thumb Code   104  _printf_dec.o(.text)
    __0scanf                                 0x08000331   Thumb Code    26  __0scanf.o(.text)
    _scanf_int                               0x08000351   Thumb Code   332  _scanf_int.o(.text)
    __aeabi_memclr4                          0x0800049d   Thumb Code     0  rt_memclr_w.o(.text)
    __aeabi_memclr8                          0x0800049d   Thumb Code     0  rt_memclr_w.o(.text)
    __rt_memclr_w                            0x0800049d   Thumb Code    78  rt_memclr_w.o(.text)
    _memset_w                                0x080004a1   Thumb Code     0  rt_memclr_w.o(.text)
    __use_two_region_memory                  0x080004eb   Thumb Code     2  heapauxi.o(.text)
    __rt_heap_escrow                         0x080004ed   Thumb Code     2  heapauxi.o(.text)
    __rt_heap_expand                         0x080004ef   Thumb Code     2  heapauxi.o(.text)
    _printf_int_common                       0x080004f1   Thumb Code   178  _printf_intcommon.o(.text)
    _printf_char_file                        0x080005a5   Thumb Code    32  _printf_char_file.o(.text)
    _chval                                   0x080005c9   Thumb Code    28  _chval.o(.text)
    __vfscanf_char_file                      0x080005e5   Thumb Code    16  scanf_char_file.o(.text)
    _printf_char_common                      0x08000607   Thumb Code    32  _printf_char_common.o(.text)
    __vfscanf_char                           0x08000639   Thumb Code    24  scanf_char.o(.text)
    ___backspace$unlocked                    0x08000659   Thumb Code     2  backspace.o(.text)
    __backspace                              0x0800065b   Thumb Code    70  backspace.o(.text)
    ferror                                   0x080006a1   Thumb Code     8  ferror.o(.text)
    _initio                                  0x080006a9   Thumb Code   210  initio.o(.text)
    _terminateio                             0x0800077b   Thumb Code    56  initio.o(.text)
    _sys_open                                0x080007e1   Thumb Code    20  sys_io.o(.text)
    _sys_close                               0x080007f5   Thumb Code    12  sys_io.o(.text)
    _sys_write                               0x08000801   Thumb Code    16  sys_io.o(.text)
    _sys_read                                0x08000811   Thumb Code    14  sys_io.o(.text)
    _sys_istty                               0x0800081f   Thumb Code    12  sys_io.o(.text)
    _sys_seek                                0x0800082b   Thumb Code    14  sys_io.o(.text)
    _sys_ensure                              0x08000839   Thumb Code     2  sys_io.o(.text)
    _sys_flen                                0x0800083b   Thumb Code    12  sys_io.o(.text)
    __user_setup_stackheap                   0x08000847   Thumb Code    74  sys_stackheap_outer.o(.text)
    free                                     0x08000891   Thumb Code    78  h1_free.o(.text)
    isspace                                  0x080008df   Thumb Code    18  isspace.o(.text)
    __vfscanf                                0x080008f1   Thumb Code   880  _scanf.o(.text)
    setvbuf                                  0x08000c65   Thumb Code    70  setvbuf.o(.text)
    _ungetc_internal                         0x08000cad   Thumb Code    60  ungetc.o(.text)
    ungetc                                   0x08000cad   Thumb Code     0  ungetc.o(.text)
    freopen                                  0x08000cf5   Thumb Code   158  fopen.o(.text)
    fopen                                    0x08000d93   Thumb Code    74  fopen.o(.text)
    _fclose_internal                         0x08000de1   Thumb Code    76  fclose.o(.text)
    fclose                                   0x08000de1   Thumb Code     0  fclose.o(.text)
    exit                                     0x08000e2d   Thumb Code    18  exit.o(.text)
    __rt_SIGRTRED                            0x08000e3f   Thumb Code    14  defsig_rtred_outer.o(.text)
    __user_libspace                          0x08000e4d   Thumb Code     8  libspace.o(.text)
    __user_perproc_libspace                  0x08000e4d   Thumb Code     0  libspace.o(.text)
    __user_perthread_libspace                0x08000e4d   Thumb Code     0  libspace.o(.text)
    __I$use$semihosting                      0x08000e55   Thumb Code     0  use_no_semi.o(.text)
    __use_no_semihosting_swi                 0x08000e55   Thumb Code     2  use_no_semi.o(.text)
    __semihosting_library_function           0x08000e57   Thumb Code     0  indicate_semi.o(.text)
    __rt_ctype_table                         0x08000e59   Thumb Code    16  rt_ctype_table.o(.text)
    __rt_heap_descriptor                     0x08000e69   Thumb Code     8  rt_heap_descriptor_intlibspace.o(.text)
    __use_no_heap                            0x08000e71   Thumb Code     2  hguard.o(.text)
    __heap$guard                             0x08000e73   Thumb Code     2  hguard.o(.text)
    _terminate_user_alloc                    0x08000e75   Thumb Code     2  init_alloc.o(.text)
    _init_user_alloc                         0x08000e77   Thumb Code     2  init_alloc.o(.text)
    __Heap_Full                              0x08000e79   Thumb Code    34  init_alloc.o(.text)
    __Heap_Broken                            0x08000e9b   Thumb Code     6  init_alloc.o(.text)
    _init_alloc                              0x08000ea1   Thumb Code    94  init_alloc.o(.text)
    malloc                                   0x08000eff   Thumb Code    94  h1_alloc.o(.text)
    _fseek                                   0x08000f5d   Thumb Code   242  fseek.o(.text)
    fseek                                    0x08000f5d   Thumb Code     0  fseek.o(.text)
    _seterr                                  0x08001055   Thumb Code    20  stdio.o(.text)
    _writebuf                                0x08001069   Thumb Code    84  stdio.o(.text)
    _fflush                                  0x080010bd   Thumb Code    70  stdio.o(.text)
    _deferredlazyseek                        0x08001103   Thumb Code    60  stdio.o(.text)
    __sig_exit                               0x08001145   Thumb Code    10  defsig_exit.o(.text)
    __rt_SIGRTRED_inner                      0x08001151   Thumb Code    14  defsig_rtred_inner.o(.text)
    strlen                                   0x08001185   Thumb Code    62  strlen.o(.text)
    _sys_exit                                0x080011c5   Thumb Code     8  sys_exit.o(.text)
    __rt_locale                              0x080011d1   Thumb Code     8  rt_locale_intlibspace.o(.text)
    __Heap_Initialize                        0x080011d9   Thumb Code    10  h1_init.o(.text)
    __Heap_DescSize                          0x080011e3   Thumb Code     4  h1_init.o(.text)
    __Heap_ProvideMemory                     0x080011e7   Thumb Code    52  h1_extend.o(.text)
    _ftell_internal                          0x0800121b   Thumb Code    66  ftell.o(.text)
    ftell                                    0x0800121b   Thumb Code     0  ftell.o(.text)
    __default_signal_display                 0x0800125d   Thumb Code    50  defsig_general.o(.text)
    __rt_SIGRTMEM                            0x0800128f   Thumb Code    14  defsig_rtmem_outer.o(.text)
    _ttywrch                                 0x0800129d   Thumb Code    14  sys_wrch.o(.text)
    __aeabi_errno_addr                       0x080012ad   Thumb Code     8  rt_errno_addr_intlibspace.o(.text)
    __errno$intlibspace                      0x080012ad   Thumb Code     0  rt_errno_addr_intlibspace.o(.text)
    __rt_errno_addr$intlibspace              0x080012ad   Thumb Code     0  rt_errno_addr_intlibspace.o(.text)
    __rt_SIGRTMEM_inner                      0x080012b5   Thumb Code    22  defsig_rtmem_inner.o(.text)
    strcmp                                   0x08001305   Thumb Code   128  strcmpv7m.o(.text)
    ADC1_2_IRQHandler                        0x08001385   Thumb Code     6  stm32f1xx_it.o(i.ADC1_2_IRQHandler)
    ADC_ConversionStop_Disable               0x08001391   Thumb Code    86  stm32f1xx_hal_adc.o(i.ADC_ConversionStop_Disable)
    ADC_DMAConvCplt                          0x080013e7   Thumb Code    78  stm32f1xx_hal_adc.o(i.ADC_DMAConvCplt)
    ADC_DMAError                             0x08001435   Thumb Code    26  stm32f1xx_hal_adc.o(i.ADC_DMAError)
    ADC_DMAHalfConvCplt                      0x0800144f   Thumb Code    10  stm32f1xx_hal_adc.o(i.ADC_DMAHalfConvCplt)
    ADC_Enable                               0x08001459   Thumb Code   114  stm32f1xx_hal_adc.o(i.ADC_Enable)
    BusFault_Handler                         0x080014d5   Thumb Code     2  stm32f1xx_it.o(i.BusFault_Handler)
    DMA1_Channel1_IRQHandler                 0x080014d9   Thumb Code     6  stm32f1xx_it.o(i.DMA1_Channel1_IRQHandler)
    DMA1_Channel4_IRQHandler                 0x080014e5   Thumb Code     6  stm32f1xx_it.o(i.DMA1_Channel4_IRQHandler)
    DMA1_Channel5_IRQHandler                 0x080014f1   Thumb Code     6  stm32f1xx_it.o(i.DMA1_Channel5_IRQHandler)
    DebugMon_Handler                         0x08001527   Thumb Code     2  stm32f1xx_it.o(i.DebugMon_Handler)
    Error_Handler                            0x08001529   Thumb Code     4  main.o(i.Error_Handler)
    HAL_ADCEx_Calibration_Start              0x0800152d   Thumb Code   210  stm32f1xx_hal_adc_ex.o(i.HAL_ADCEx_Calibration_Start)
    HAL_ADCEx_InjectedConvCpltCallback       0x08001605   Thumb Code     2  stm32f1xx_hal_adc_ex.o(i.HAL_ADCEx_InjectedConvCpltCallback)
    HAL_ADC_ConfigChannel                    0x08001609   Thumb Code   240  stm32f1xx_hal_adc.o(i.HAL_ADC_ConfigChannel)
    HAL_ADC_ConvCpltCallback                 0x08001705   Thumb Code     2  stm32f1xx_hal_adc.o(i.HAL_ADC_ConvCpltCallback)
    HAL_ADC_ConvHalfCpltCallback             0x08001707   Thumb Code     2  stm32f1xx_hal_adc.o(i.HAL_ADC_ConvHalfCpltCallback)
    HAL_ADC_ErrorCallback                    0x08001709   Thumb Code     2  stm32f1xx_hal_adc.o(i.HAL_ADC_ErrorCallback)
    HAL_ADC_GetState                         0x0800170b   Thumb Code     4  stm32f1xx_hal_adc.o(i.HAL_ADC_GetState)
    HAL_ADC_IRQHandler                       0x0800170f   Thumb Code   230  stm32f1xx_hal_adc.o(i.HAL_ADC_IRQHandler)
    HAL_ADC_Init                             0x080017f5   Thumb Code   272  stm32f1xx_hal_adc.o(i.HAL_ADC_Init)
    HAL_ADC_LevelOutOfWindowCallback         0x08001915   Thumb Code     2  stm32f1xx_hal_adc.o(i.HAL_ADC_LevelOutOfWindowCallback)
    HAL_ADC_MspInit                          0x08001919   Thumb Code   140  adc.o(i.HAL_ADC_MspInit)
    HAL_ADC_PollForConversion                0x080019b9   Thumb Code   304  stm32f1xx_hal_adc.o(i.HAL_ADC_PollForConversion)
    HAL_ADC_Start_DMA                        0x08001af5   Thumb Code   246  stm32f1xx_hal_adc.o(i.HAL_ADC_Start_DMA)
    HAL_DMA_Abort                            0x08001c01   Thumb Code    70  stm32f1xx_hal_dma.o(i.HAL_DMA_Abort)
    HAL_DMA_Abort_IT                         0x08001c49   Thumb Code   296  stm32f1xx_hal_dma.o(i.HAL_DMA_Abort_IT)
    HAL_DMA_IRQHandler                       0x08001d79   Thumb Code   552  stm32f1xx_hal_dma.o(i.HAL_DMA_IRQHandler)
    HAL_DMA_Init                             0x08001fc1   Thumb Code   112  stm32f1xx_hal_dma.o(i.HAL_DMA_Init)
    HAL_DMA_Start_IT                         0x0800203d   Thumb Code   112  stm32f1xx_hal_dma.o(i.HAL_DMA_Start_IT)
    HAL_Delay                                0x080020ad   Thumb Code    32  stm32f1xx_hal.o(i.HAL_Delay)
    HAL_GPIO_Init                            0x080020d1   Thumb Code   462  stm32f1xx_hal_gpio.o(i.HAL_GPIO_Init)
    HAL_GPIO_ReadPin                         0x080022c9   Thumb Code    10  stm32f1xx_hal_gpio.o(i.HAL_GPIO_ReadPin)
    HAL_GPIO_WritePin                        0x080022d3   Thumb Code    10  stm32f1xx_hal_gpio.o(i.HAL_GPIO_WritePin)
    HAL_GetTick                              0x080022dd   Thumb Code     6  stm32f1xx_hal.o(i.HAL_GetTick)
    HAL_IncTick                              0x080022e9   Thumb Code    12  stm32f1xx_hal.o(i.HAL_IncTick)
    HAL_Init                                 0x080022f9   Thumb Code    32  stm32f1xx_hal.o(i.HAL_Init)
    HAL_InitTick                             0x0800231d   Thumb Code    54  stm32f1xx_hal.o(i.HAL_InitTick)
    HAL_MspInit                              0x0800235d   Thumb Code    38  stm32f1xx_hal_msp.o(i.HAL_MspInit)
    HAL_NVIC_EnableIRQ                       0x08002389   Thumb Code    26  stm32f1xx_hal_cortex.o(i.HAL_NVIC_EnableIRQ)
    HAL_NVIC_SetPriority                     0x080023a5   Thumb Code    60  stm32f1xx_hal_cortex.o(i.HAL_NVIC_SetPriority)
    HAL_NVIC_SetPriorityGrouping             0x080023e5   Thumb Code    26  stm32f1xx_hal_cortex.o(i.HAL_NVIC_SetPriorityGrouping)
    HAL_RCCEx_GetPeriphCLKFreq               0x08002409   Thumb Code   180  stm32f1xx_hal_rcc_ex.o(i.HAL_RCCEx_GetPeriphCLKFreq)
    HAL_RCCEx_PeriphCLKConfig                0x080024dd   Thumb Code   224  stm32f1xx_hal_rcc_ex.o(i.HAL_RCCEx_PeriphCLKConfig)
    HAL_RCC_ClockConfig                      0x080025c9   Thumb Code   280  stm32f1xx_hal_rcc.o(i.HAL_RCC_ClockConfig)
    HAL_RCC_GetPCLK1Freq                     0x080026f5   Thumb Code    20  stm32f1xx_hal_rcc.o(i.HAL_RCC_GetPCLK1Freq)
    HAL_RCC_GetPCLK2Freq                     0x08002715   Thumb Code    20  stm32f1xx_hal_rcc.o(i.HAL_RCC_GetPCLK2Freq)
    HAL_RCC_GetSysClockFreq                  0x08002735   Thumb Code    74  stm32f1xx_hal_rcc.o(i.HAL_RCC_GetSysClockFreq)
    HAL_RCC_OscConfig                        0x080027a1   Thumb Code   778  stm32f1xx_hal_rcc.o(i.HAL_RCC_OscConfig)
    HAL_SYSTICK_Config                       0x08002ac1   Thumb Code    40  stm32f1xx_hal_cortex.o(i.HAL_SYSTICK_Config)
    HAL_TIMEx_BreakCallback                  0x08002ae9   Thumb Code     2  stm32f1xx_hal_tim_ex.o(i.HAL_TIMEx_BreakCallback)
    HAL_TIMEx_CommutCallback                 0x08002aeb   Thumb Code     2  stm32f1xx_hal_tim_ex.o(i.HAL_TIMEx_CommutCallback)
    HAL_TIMEx_MasterConfigSynchronization    0x08002aed   Thumb Code   104  stm32f1xx_hal_tim_ex.o(i.HAL_TIMEx_MasterConfigSynchronization)
    HAL_TIM_Base_Init                        0x08002b69   Thumb Code    90  stm32f1xx_hal_tim.o(i.HAL_TIM_Base_Init)
    HAL_TIM_Base_MspInit                     0x08002bc5   Thumb Code    50  tim.o(i.HAL_TIM_Base_MspInit)
    HAL_TIM_ConfigClockSource                0x08002bfd   Thumb Code   214  stm32f1xx_hal_tim.o(i.HAL_TIM_ConfigClockSource)
    HAL_TIM_IC_CaptureCallback               0x08002cd3   Thumb Code     2  stm32f1xx_hal_tim.o(i.HAL_TIM_IC_CaptureCallback)
    HAL_TIM_IRQHandler                       0x08002cd5   Thumb Code   358  stm32f1xx_hal_tim.o(i.HAL_TIM_IRQHandler)
    HAL_TIM_MspPostInit                      0x08002e3d   Thumb Code    62  tim.o(i.HAL_TIM_MspPostInit)
    HAL_TIM_OC_DelayElapsedCallback          0x08002e85   Thumb Code     2  stm32f1xx_hal_tim.o(i.HAL_TIM_OC_DelayElapsedCallback)
    HAL_TIM_PWM_ConfigChannel                0x08002e87   Thumb Code   198  stm32f1xx_hal_tim.o(i.HAL_TIM_PWM_ConfigChannel)
    HAL_TIM_PWM_Init                         0x08002f4d   Thumb Code    90  stm32f1xx_hal_tim.o(i.HAL_TIM_PWM_Init)
    HAL_TIM_PWM_MspInit                      0x08002fa7   Thumb Code     2  stm32f1xx_hal_tim.o(i.HAL_TIM_PWM_MspInit)
    HAL_TIM_PWM_PulseFinishedCallback        0x08002fa9   Thumb Code     2  stm32f1xx_hal_tim.o(i.HAL_TIM_PWM_PulseFinishedCallback)
    HAL_TIM_PWM_Start                        0x08002fad   Thumb Code   160  stm32f1xx_hal_tim.o(i.HAL_TIM_PWM_Start)
    HAL_TIM_PeriodElapsedCallback            0x08003061   Thumb Code     2  stm32f1xx_hal_tim.o(i.HAL_TIM_PeriodElapsedCallback)
    HAL_TIM_TriggerCallback                  0x08003063   Thumb Code     2  stm32f1xx_hal_tim.o(i.HAL_TIM_TriggerCallback)
    HAL_UARTEx_RxEventCallback               0x08003065   Thumb Code     2  stm32f1xx_hal_uart.o(i.HAL_UARTEx_RxEventCallback)
    HAL_UART_ErrorCallback                   0x08003067   Thumb Code     2  stm32f1xx_hal_uart.o(i.HAL_UART_ErrorCallback)
    HAL_UART_IRQHandler                      0x08003069   Thumb Code   520  stm32f1xx_hal_uart.o(i.HAL_UART_IRQHandler)
    HAL_UART_Init                            0x08003275   Thumb Code    98  stm32f1xx_hal_uart.o(i.HAL_UART_Init)
    HAL_UART_MspInit                         0x080032d9   Thumb Code   204  usart.o(i.HAL_UART_MspInit)
    HAL_UART_Receive                         0x080033b9   Thumb Code   192  stm32f1xx_hal_uart.o(i.HAL_UART_Receive)
    HAL_UART_RxCpltCallback                  0x08003479   Thumb Code     2  stm32f1xx_hal_uart.o(i.HAL_UART_RxCpltCallback)
    HAL_UART_Transmit                        0x0800347d   Thumb Code   178  stm32f1xx_hal_uart.o(i.HAL_UART_Transmit)
    HAL_UART_TxCpltCallback                  0x0800352f   Thumb Code     2  stm32f1xx_hal_uart.o(i.HAL_UART_TxCpltCallback)
    HardFault_Handler                        0x08003531   Thumb Code     2  stm32f1xx_it.o(i.HardFault_Handler)
    MX_ADC1_Init                             0x08003535   Thumb Code    72  adc.o(i.MX_ADC1_Init)
    MX_DMA_Init                              0x08003585   Thumb Code    72  dma.o(i.MX_DMA_Init)
    MX_GPIO_Init                             0x080035d1   Thumb Code   160  gpio.o(i.MX_GPIO_Init)
    MX_TIM2_Init                             0x08003681   Thumb Code   148  tim.o(i.MX_TIM2_Init)
    MX_USART1_UART_Init                      0x08003719   Thumb Code    48  usart.o(i.MX_USART1_UART_Init)
    MemManage_Handler                        0x08003751   Thumb Code     2  stm32f1xx_it.o(i.MemManage_Handler)
    NMI_Handler                              0x08003753   Thumb Code     2  stm32f1xx_it.o(i.NMI_Handler)
    PendSV_Handler                           0x08003755   Thumb Code     2  stm32f1xx_it.o(i.PendSV_Handler)
    SVC_Handler                              0x08003757   Thumb Code     2  stm32f1xx_it.o(i.SVC_Handler)
    SysTick_Handler                          0x08003759   Thumb Code     4  stm32f1xx_it.o(i.SysTick_Handler)
    SystemClock_Config                       0x0800375d   Thumb Code   122  main.o(i.SystemClock_Config)
    SystemInit                               0x080037d7   Thumb Code     2  system_stm32f1xx.o(i.SystemInit)
    TIM2_IRQHandler                          0x080037d9   Thumb Code     6  stm32f1xx_it.o(i.TIM2_IRQHandler)
    TIM_Base_SetConfig                       0x080037e5   Thumb Code   120  stm32f1xx_hal_tim.o(i.TIM_Base_SetConfig)
    TIM_CCxChannelCmd                        0x08003871   Thumb Code    26  stm32f1xx_hal_tim.o(i.TIM_CCxChannelCmd)
    TIM_ETR_SetConfig                        0x0800388b   Thumb Code    20  stm32f1xx_hal_tim.o(i.TIM_ETR_SetConfig)
    TIM_OC2_SetConfig                        0x08003911   Thumb Code    98  stm32f1xx_hal_tim.o(i.TIM_OC2_SetConfig)
    USART1_IRQHandler                        0x08003c8d   Thumb Code     6  stm32f1xx_it.o(i.USART1_IRQHandler)
    UsageFault_Handler                       0x08003c99   Thumb Code     2  stm32f1xx_it.o(i.UsageFault_Handler)
    fgetc                                    0x08003cbd   Thumb Code    28  usart.o(i.fgetc)
    fputc                                    0x08003cdd   Thumb Code    20  usart.o(i.fputc)
    main                                     0x08003cf5   Thumb Code   450  main.o(i.main)
    _get_lc_ctype                            0x08003fad   Thumb Code    44  lc_ctype_c.o(locale$$code)
    __aeabi_dadd                             0x08003fd9   Thumb Code     0  daddsub_clz.o(x$fpl$dadd)
    _dadd                                    0x08003fd9   Thumb Code   332  daddsub_clz.o(x$fpl$dadd)
    __aeabi_ddiv                             0x08004129   Thumb Code     0  ddiv.o(x$fpl$ddiv)
    _ddiv                                    0x08004129   Thumb Code   552  ddiv.o(x$fpl$ddiv)
    __aeabi_d2uiz                            0x080043d9   Thumb Code     0  dfixu.o(x$fpl$dfixu)
    _dfixu                                   0x080043d9   Thumb Code    90  dfixu.o(x$fpl$dfixu)
    __aeabi_ui2d                             0x08004433   Thumb Code     0  dflt_clz.o(x$fpl$dfltu)
    _dfltu                                   0x08004433   Thumb Code    38  dflt_clz.o(x$fpl$dfltu)
    __aeabi_dmul                             0x08004459   Thumb Code     0  dmul.o(x$fpl$dmul)
    _dmul                                    0x08004459   Thumb Code   332  dmul.o(x$fpl$dmul)
    __fpl_dnaninf                            0x080045ad   Thumb Code   156  dnaninf.o(x$fpl$dnaninf)
    __fpl_dretinf                            0x08004649   Thumb Code    12  dretinf.o(x$fpl$dretinf)
    __aeabi_drsub                            0x08004655   Thumb Code     0  daddsub_clz.o(x$fpl$drsb)
    _drsb                                    0x08004655   Thumb Code    22  daddsub_clz.o(x$fpl$drsb)
    __aeabi_dsub                             0x0800466d   Thumb Code     0  daddsub_clz.o(x$fpl$dsub)
    _dsub                                    0x0800466d   Thumb Code   464  daddsub_clz.o(x$fpl$dsub)
    AHBPrescTable                            0x08004840   Data          16  system_stm32f1xx.o(.constdata)
    __I$use$fp                               0x08004840   Number         0  usenofp.o(x$fpl$usenofp)
    APBPrescTable                            0x08004850   Data           8  system_stm32f1xx.o(.constdata)
    __stdin_name                             0x08004858   Data           4  sys_io.o(.constdata)
    __stdout_name                            0x0800485c   Data           4  sys_io.o(.constdata)
    __stderr_name                            0x08004860   Data           4  sys_io.o(.constdata)
    Region$$Table$$Base                      0x080048d0   Number         0  anon$$obj.o(Region$$Table)
    Region$$Table$$Limit                     0x080048f0   Number         0  anon$$obj.o(Region$$Table)
    __ctype                                  0x080048fd   Data           0  lc_ctype_c.o(locale$$data)
    BaseNum                                  0x20000000   Data           2  main.o(.data)
    GetTemp                                  0x20000002   Data           2  main.o(.data)
    ADC_Value                                0x20000004   Data           2  main.o(.data)
    Vrt                                      0x20000006   Data           2  main.o(.data)
    Rrt                                      0x20000008   Data           2  main.o(.data)
    DC                                       0x2000000a   Data           2  main.o(.data)
    Receive_data                             0x2000000c   Data           4  main.o(.data)
    uwTickFreq                               0x20000010   Data           1  stm32f1xx_hal.o(.data)
    uwTickPrio                               0x20000014   Data           4  stm32f1xx_hal.o(.data)
    uwTick                                   0x20000018   Data           4  stm32f1xx_hal.o(.data)
    SystemCoreClock                          0x2000001c   Data           4  system_stm32f1xx.o(.data)
    __aeabi_stdin                            0x20000020   Data           4  stdio_streams.o(.data)
    __aeabi_stdout                           0x20000024   Data           4  stdio_streams.o(.data)
    __aeabi_stderr                           0x20000028   Data           4  stdio_streams.o(.data)
    hadc1                                    0x2000002c   Data          48  adc.o(.bss)
    hdma_adc1                                0x2000005c   Data          68  adc.o(.bss)
    htim2                                    0x200000a0   Data          72  tim.o(.bss)
    huart1                                   0x200000e8   Data          68  usart.o(.bss)
    hdma_usart1_tx                           0x2000012c   Data          68  usart.o(.bss)
    hdma_usart1_rx                           0x20000170   Data          68  usart.o(.bss)
    __stdin                                  0x200001b4   Data          84  stdio_streams.o(.bss)
    __stdout                                 0x20000208   Data          84  stdio_streams.o(.bss)
    __stderr                                 0x2000025c   Data          84  stdio_streams.o(.bss)
    __libspace_start                         0x200002b0   Data          96  libspace.o(.bss)
    __temporary_stack_top$libspace           0x20000310   Data           0  libspace.o(.bss)



==============================================================================

Memory Map of the image

  Image Entry point : 0x08000131

  Load Region LR_IROM1 (Base: 0x08000000, Size: 0x00004a2c, Max: 0x00080000, ABSOLUTE)

    Execution Region ER_IROM1 (Exec base: 0x08000000, Load base: 0x08000000, Size: 0x00004a00, Max: 0x00080000, ABSOLUTE)

    Exec Addr    Load Addr    Size         Type   Attr      Idx    E Section Name        Object

    0x08000000   0x08000000   0x00000130   Data   RO            3    RESET               startup_stm32f103xe.o
    0x08000130   0x08000130   0x00000008   Code   RO         3191  * !!!main             c_w.l(__main.o)
    0x08000138   0x08000138   0x00000034   Code   RO         3569    !!!scatter          c_w.l(__scatter.o)
    0x0800016c   0x0800016c   0x0000001a   Code   RO         3571    !!handler_copy      c_w.l(__scatter_copy.o)
    0x08000186   0x08000186   0x00000002   PAD
    0x08000188   0x08000188   0x0000001c   Code   RO         3573    !!handler_zi        c_w.l(__scatter_zi.o)
    0x080001a4   0x080001a4   0x00000000   Code   RO         3182    .ARM.Collect$$_printf_percent$$00000000  c_w.l(_printf_percent.o)
    0x080001a4   0x080001a4   0x00000006   Code   RO         3181    .ARM.Collect$$_printf_percent$$00000009  c_w.l(_printf_d.o)
    0x080001aa   0x080001aa   0x00000004   Code   RO         3220    .ARM.Collect$$_printf_percent$$00000017  c_w.l(_printf_percent_end.o)
    0x080001ae   0x080001ae   0x00000002   Code   RO         3362    .ARM.Collect$$libinit$$00000000  c_w.l(libinit.o)
    0x080001b0   0x080001b0   0x00000000   Code   RO         3364    .ARM.Collect$$libinit$$00000002  c_w.l(libinit2.o)
    0x080001b0   0x080001b0   0x00000000   Code   RO         3366    .ARM.Collect$$libinit$$00000004  c_w.l(libinit2.o)
    0x080001b0   0x080001b0   0x00000008   Code   RO         3367    .ARM.Collect$$libinit$$00000005  c_w.l(libinit2.o)
    0x080001b8   0x080001b8   0x00000000   Code   RO         3369    .ARM.Collect$$libinit$$0000000A  c_w.l(libinit2.o)
    0x080001b8   0x080001b8   0x00000000   Code   RO         3371    .ARM.Collect$$libinit$$0000000C  c_w.l(libinit2.o)
    0x080001b8   0x080001b8   0x00000000   Code   RO         3373    .ARM.Collect$$libinit$$0000000E  c_w.l(libinit2.o)
    0x080001b8   0x080001b8   0x00000006   Code   RO         3374    .ARM.Collect$$libinit$$0000000F  c_w.l(libinit2.o)
    0x080001be   0x080001be   0x00000000   Code   RO         3376    .ARM.Collect$$libinit$$00000011  c_w.l(libinit2.o)
    0x080001be   0x080001be   0x0000000c   Code   RO         3377    .ARM.Collect$$libinit$$00000012  c_w.l(libinit2.o)
    0x080001ca   0x080001ca   0x00000000   Code   RO         3378    .ARM.Collect$$libinit$$00000013  c_w.l(libinit2.o)
    0x080001ca   0x080001ca   0x00000000   Code   RO         3380    .ARM.Collect$$libinit$$00000015  c_w.l(libinit2.o)
    0x080001ca   0x080001ca   0x00000000   Code   RO         3382    .ARM.Collect$$libinit$$00000017  c_w.l(libinit2.o)
    0x080001ca   0x080001ca   0x00000000   Code   RO         3384    .ARM.Collect$$libinit$$00000019  c_w.l(libinit2.o)
    0x080001ca   0x080001ca   0x00000000   Code   RO         3386    .ARM.Collect$$libinit$$0000001B  c_w.l(libinit2.o)
    0x080001ca   0x080001ca   0x00000000   Code   RO         3388    .ARM.Collect$$libinit$$0000001D  c_w.l(libinit2.o)
    0x080001ca   0x080001ca   0x00000000   Code   RO         3390    .ARM.Collect$$libinit$$0000001F  c_w.l(libinit2.o)
    0x080001ca   0x080001ca   0x00000000   Code   RO         3392    .ARM.Collect$$libinit$$00000021  c_w.l(libinit2.o)
    0x080001ca   0x080001ca   0x00000000   Code   RO         3394    .ARM.Collect$$libinit$$00000023  c_w.l(libinit2.o)
    0x080001ca   0x080001ca   0x00000004   Code   RO         3395    .ARM.Collect$$libinit$$00000024  c_w.l(libinit2.o)
    0x080001ce   0x080001ce   0x00000000   Code   RO         3396    .ARM.Collect$$libinit$$00000025  c_w.l(libinit2.o)
    0x080001ce   0x080001ce   0x00000000   Code   RO         3400    .ARM.Collect$$libinit$$0000002C  c_w.l(libinit2.o)
    0x080001ce   0x080001ce   0x00000000   Code   RO         3402    .ARM.Collect$$libinit$$0000002E  c_w.l(libinit2.o)
    0x080001ce   0x080001ce   0x00000000   Code   RO         3404    .ARM.Collect$$libinit$$00000030  c_w.l(libinit2.o)
    0x080001ce   0x080001ce   0x00000000   Code   RO         3406    .ARM.Collect$$libinit$$00000032  c_w.l(libinit2.o)
    0x080001ce   0x080001ce   0x00000002   Code   RO         3407    .ARM.Collect$$libinit$$00000033  c_w.l(libinit2.o)
    0x080001d0   0x080001d0   0x00000002   Code   RO         3548    .ARM.Collect$$libshutdown$$00000000  c_w.l(libshutdown.o)
    0x080001d2   0x080001d2   0x00000000   Code   RO         3409    .ARM.Collect$$libshutdown$$00000002  c_w.l(libshutdown2.o)
    0x080001d2   0x080001d2   0x00000000   Code   RO         3411    .ARM.Collect$$libshutdown$$00000004  c_w.l(libshutdown2.o)
    0x080001d2   0x080001d2   0x00000004   Code   RO         3412    .ARM.Collect$$libshutdown$$00000005  c_w.l(libshutdown2.o)
    0x080001d6   0x080001d6   0x00000000   Code   RO         3413    .ARM.Collect$$libshutdown$$00000006  c_w.l(libshutdown2.o)
    0x080001d6   0x080001d6   0x00000000   Code   RO         3416    .ARM.Collect$$libshutdown$$00000009  c_w.l(libshutdown2.o)
    0x080001d6   0x080001d6   0x00000000   Code   RO         3419    .ARM.Collect$$libshutdown$$0000000C  c_w.l(libshutdown2.o)
    0x080001d6   0x080001d6   0x00000000   Code   RO         3421    .ARM.Collect$$libshutdown$$0000000E  c_w.l(libshutdown2.o)
    0x080001d6   0x080001d6   0x00000000   Code   RO         3424    .ARM.Collect$$libshutdown$$00000011  c_w.l(libshutdown2.o)
    0x080001d6   0x080001d6   0x00000002   Code   RO         3425    .ARM.Collect$$libshutdown$$00000012  c_w.l(libshutdown2.o)
    0x080001d8   0x080001d8   0x00000000   Code   RO         3215    .ARM.Collect$$rtentry$$00000000  c_w.l(__rtentry.o)
    0x080001d8   0x080001d8   0x00000000   Code   RO         3237    .ARM.Collect$$rtentry$$00000002  c_w.l(__rtentry2.o)
    0x080001d8   0x080001d8   0x00000006   Code   RO         3249    .ARM.Collect$$rtentry$$00000004  c_w.l(__rtentry4.o)
    0x080001de   0x080001de   0x00000000   Code   RO         3239    .ARM.Collect$$rtentry$$00000009  c_w.l(__rtentry2.o)
    0x080001de   0x080001de   0x00000004   Code   RO         3240    .ARM.Collect$$rtentry$$0000000A  c_w.l(__rtentry2.o)
    0x080001e2   0x080001e2   0x00000000   Code   RO         3242    .ARM.Collect$$rtentry$$0000000C  c_w.l(__rtentry2.o)
    0x080001e2   0x080001e2   0x00000008   Code   RO         3243    .ARM.Collect$$rtentry$$0000000D  c_w.l(__rtentry2.o)
    0x080001ea   0x080001ea   0x00000002   Code   RO         3432    .ARM.Collect$$rtexit$$00000000  c_w.l(rtexit.o)
    0x080001ec   0x080001ec   0x00000000   Code   RO         3484    .ARM.Collect$$rtexit$$00000002  c_w.l(rtexit2.o)
    0x080001ec   0x080001ec   0x00000004   Code   RO         3485    .ARM.Collect$$rtexit$$00000003  c_w.l(rtexit2.o)
    0x080001f0   0x080001f0   0x00000006   Code   RO         3486    .ARM.Collect$$rtexit$$00000004  c_w.l(rtexit2.o)
    0x080001f6   0x080001f6   0x00000002   PAD
    0x080001f8   0x080001f8   0x00000000   Code   RO         3495    .emb_text           c_w.l(maybetermalloc1.o)
    0x080001f8   0x080001f8   0x00000040   Code   RO            4    .text               startup_stm32f103xe.o
    0x08000238   0x08000238   0x00000018   Code   RO         3155    .text               c_w.l(noretval__2printf.o)
    0x08000250   0x08000250   0x00000068   Code   RO         3157    .text               c_w.l(__printf.o)
    0x080002b8   0x080002b8   0x00000078   Code   RO         3159    .text               c_w.l(_printf_dec.o)
    0x08000330   0x08000330   0x00000020   Code   RO         3183    .text               c_w.l(__0scanf.o)
    0x08000350   0x08000350   0x0000014c   Code   RO         3185    .text               c_w.l(_scanf_int.o)
    0x0800049c   0x0800049c   0x0000004e   Code   RO         3187    .text               c_w.l(rt_memclr_w.o)
    0x080004ea   0x080004ea   0x00000006   Code   RO         3189    .text               c_w.l(heapauxi.o)
    0x080004f0   0x080004f0   0x000000b2   Code   RO         3216    .text               c_w.l(_printf_intcommon.o)
    0x080005a2   0x080005a2   0x00000002   PAD
    0x080005a4   0x080005a4   0x00000024   Code   RO         3218    .text               c_w.l(_printf_char_file.o)
    0x080005c8   0x080005c8   0x0000001c   Code   RO         3221    .text               c_w.l(_chval.o)
    0x080005e4   0x080005e4   0x00000018   Code   RO         3223    .text               c_w.l(scanf_char_file.o)
    0x080005fc   0x080005fc   0x00000030   Code   RO         3251    .text               c_w.l(_printf_char_common.o)
    0x0800062c   0x0800062c   0x0000002c   Code   RO         3253    .text               c_w.l(scanf_char.o)
    0x08000658   0x08000658   0x00000048   Code   RO         3255    .text               c_w.l(backspace.o)
    0x080006a0   0x080006a0   0x00000008   Code   RO         3257    .text               c_w.l(ferror.o)
    0x080006a8   0x080006a8   0x00000138   Code   RO         3259    .text               c_w.l(initio.o)
    0x080007e0   0x080007e0   0x00000066   Code   RO         3267    .text               c_w.l(sys_io.o)
    0x08000846   0x08000846   0x0000004a   Code   RO         3274    .text               c_w.l(sys_stackheap_outer.o)
    0x08000890   0x08000890   0x0000004e   Code   RO         3278    .text               c_w.l(h1_free.o)
    0x080008de   0x080008de   0x00000012   Code   RO         3332    .text               c_w.l(isspace.o)
    0x080008f0   0x080008f0   0x00000374   Code   RO         3336    .text               c_w.l(_scanf.o)
    0x08000c64   0x08000c64   0x00000046   Code   RO         3338    .text               c_w.l(setvbuf.o)
    0x08000caa   0x08000caa   0x00000002   PAD
    0x08000cac   0x08000cac   0x00000048   Code   RO         3340    .text               c_w.l(ungetc.o)
    0x08000cf4   0x08000cf4   0x000000ec   Code   RO         3343    .text               c_w.l(fopen.o)
    0x08000de0   0x08000de0   0x0000004c   Code   RO         3345    .text               c_w.l(fclose.o)
    0x08000e2c   0x08000e2c   0x00000012   Code   RO         3351    .text               c_w.l(exit.o)
    0x08000e3e   0x08000e3e   0x0000000e   Code   RO         3353    .text               c_w.l(defsig_rtred_outer.o)
    0x08000e4c   0x08000e4c   0x00000008   Code   RO         3426    .text               c_w.l(libspace.o)
    0x08000e54   0x08000e54   0x00000002   Code   RO         3429    .text               c_w.l(use_no_semi.o)
    0x08000e56   0x08000e56   0x00000000   Code   RO         3431    .text               c_w.l(indicate_semi.o)
    0x08000e56   0x08000e56   0x00000002   PAD
    0x08000e58   0x08000e58   0x00000010   Code   RO         3434    .text               c_w.l(rt_ctype_table.o)
    0x08000e68   0x08000e68   0x00000008   Code   RO         3441    .text               c_w.l(rt_heap_descriptor_intlibspace.o)
    0x08000e70   0x08000e70   0x00000004   Code   RO         3443    .text               c_w.l(hguard.o)
    0x08000e74   0x08000e74   0x0000008a   Code   RO         3445    .text               c_w.l(init_alloc.o)
    0x08000efe   0x08000efe   0x0000005e   Code   RO         3451    .text               c_w.l(h1_alloc.o)
    0x08000f5c   0x08000f5c   0x000000f8   Code   RO         3465    .text               c_w.l(fseek.o)
    0x08001054   0x08001054   0x000000f0   Code   RO         3467    .text               c_w.l(stdio.o)
    0x08001144   0x08001144   0x0000000a   Code   RO         3469    .text               c_w.l(defsig_exit.o)
    0x0800114e   0x0800114e   0x00000002   PAD
    0x08001150   0x08001150   0x00000034   Code   RO         3471    .text               c_w.l(defsig_rtred_inner.o)
    0x08001184   0x08001184   0x0000003e   Code   RO         3473    .text               c_w.l(strlen.o)
    0x080011c2   0x080011c2   0x00000002   PAD
    0x080011c4   0x080011c4   0x0000000c   Code   RO         3481    .text               c_w.l(sys_exit.o)
    0x080011d0   0x080011d0   0x00000008   Code   RO         3493    .text               c_w.l(rt_locale_intlibspace.o)
    0x080011d8   0x080011d8   0x0000000e   Code   RO         3497    .text               c_w.l(h1_init.o)
    0x080011e6   0x080011e6   0x00000034   Code   RO         3499    .text               c_w.l(h1_extend.o)
    0x0800121a   0x0800121a   0x00000042   Code   RO         3505    .text               c_w.l(ftell.o)
    0x0800125c   0x0800125c   0x00000032   Code   RO         3512    .text               c_w.l(defsig_general.o)
    0x0800128e   0x0800128e   0x0000000e   Code   RO         3514    .text               c_w.l(defsig_rtmem_outer.o)
    0x0800129c   0x0800129c   0x0000000e   Code   RO         3527    .text               c_w.l(sys_wrch.o)
    0x080012aa   0x080012aa   0x00000002   PAD
    0x080012ac   0x080012ac   0x00000008   Code   RO         3534    .text               c_w.l(rt_errno_addr_intlibspace.o)
    0x080012b4   0x080012b4   0x00000050   Code   RO         3540    .text               c_w.l(defsig_rtmem_inner.o)
    0x08001304   0x08001304   0x00000080   Code   RO         3544    .text               c_w.l(strcmpv7m.o)
    0x08001384   0x08001384   0x0000000c   Code   RO          361    i.ADC1_2_IRQHandler  stm32f1xx_it.o
    0x08001390   0x08001390   0x00000056   Code   RO          533    i.ADC_ConversionStop_Disable  stm32f1xx_hal_adc.o
    0x080013e6   0x080013e6   0x0000004e   Code   RO          534    i.ADC_DMAConvCplt   stm32f1xx_hal_adc.o
    0x08001434   0x08001434   0x0000001a   Code   RO          535    i.ADC_DMAError      stm32f1xx_hal_adc.o
    0x0800144e   0x0800144e   0x0000000a   Code   RO          536    i.ADC_DMAHalfConvCplt  stm32f1xx_hal_adc.o
    0x08001458   0x08001458   0x0000007c   Code   RO          537    i.ADC_Enable        stm32f1xx_hal_adc.o
    0x080014d4   0x080014d4   0x00000002   Code   RO          362    i.BusFault_Handler  stm32f1xx_it.o
    0x080014d6   0x080014d6   0x00000002   PAD
    0x080014d8   0x080014d8   0x0000000c   Code   RO          363    i.DMA1_Channel1_IRQHandler  stm32f1xx_it.o
    0x080014e4   0x080014e4   0x0000000c   Code   RO          364    i.DMA1_Channel4_IRQHandler  stm32f1xx_it.o
    0x080014f0   0x080014f0   0x0000000c   Code   RO          365    i.DMA1_Channel5_IRQHandler  stm32f1xx_it.o
    0x080014fc   0x080014fc   0x0000002a   Code   RO         1187    i.DMA_SetConfig     stm32f1xx_hal_dma.o
    0x08001526   0x08001526   0x00000002   Code   RO          366    i.DebugMon_Handler  stm32f1xx_it.o
    0x08001528   0x08001528   0x00000004   Code   RO           13    i.Error_Handler     main.o
    0x0800152c   0x0800152c   0x000000d8   Code   RO          713    i.HAL_ADCEx_Calibration_Start  stm32f1xx_hal_adc_ex.o
    0x08001604   0x08001604   0x00000002   Code   RO          715    i.HAL_ADCEx_InjectedConvCpltCallback  stm32f1xx_hal_adc_ex.o
    0x08001606   0x08001606   0x00000002   PAD
    0x08001608   0x08001608   0x000000fc   Code   RO          539    i.HAL_ADC_ConfigChannel  stm32f1xx_hal_adc.o
    0x08001704   0x08001704   0x00000002   Code   RO          540    i.HAL_ADC_ConvCpltCallback  stm32f1xx_hal_adc.o
    0x08001706   0x08001706   0x00000002   Code   RO          541    i.HAL_ADC_ConvHalfCpltCallback  stm32f1xx_hal_adc.o
    0x08001708   0x08001708   0x00000002   Code   RO          543    i.HAL_ADC_ErrorCallback  stm32f1xx_hal_adc.o
    0x0800170a   0x0800170a   0x00000004   Code   RO          545    i.HAL_ADC_GetState  stm32f1xx_hal_adc.o
    0x0800170e   0x0800170e   0x000000e6   Code   RO          547    i.HAL_ADC_IRQHandler  stm32f1xx_hal_adc.o
    0x080017f4   0x080017f4   0x00000120   Code   RO          548    i.HAL_ADC_Init      stm32f1xx_hal_adc.o
    0x08001914   0x08001914   0x00000002   Code   RO          549    i.HAL_ADC_LevelOutOfWindowCallback  stm32f1xx_hal_adc.o
    0x08001916   0x08001916   0x00000002   PAD
    0x08001918   0x08001918   0x000000a0   Code   RO          194    i.HAL_ADC_MspInit   adc.o
    0x080019b8   0x080019b8   0x0000013c   Code   RO          552    i.HAL_ADC_PollForConversion  stm32f1xx_hal_adc.o
    0x08001af4   0x08001af4   0x0000010c   Code   RO          555    i.HAL_ADC_Start_DMA  stm32f1xx_hal_adc.o
    0x08001c00   0x08001c00   0x00000046   Code   RO         1188    i.HAL_DMA_Abort     stm32f1xx_hal_dma.o
    0x08001c46   0x08001c46   0x00000002   PAD
    0x08001c48   0x08001c48   0x00000130   Code   RO         1189    i.HAL_DMA_Abort_IT  stm32f1xx_hal_dma.o
    0x08001d78   0x08001d78   0x00000248   Code   RO         1193    i.HAL_DMA_IRQHandler  stm32f1xx_hal_dma.o
    0x08001fc0   0x08001fc0   0x0000007c   Code   RO         1194    i.HAL_DMA_Init      stm32f1xx_hal_dma.o
    0x0800203c   0x0800203c   0x00000070   Code   RO         1198    i.HAL_DMA_Start_IT  stm32f1xx_hal_dma.o
    0x080020ac   0x080020ac   0x00000024   Code   RO          816    i.HAL_Delay         stm32f1xx_hal.o
    0x080020d0   0x080020d0   0x000001f8   Code   RO         1124    i.HAL_GPIO_Init     stm32f1xx_hal_gpio.o
    0x080022c8   0x080022c8   0x0000000a   Code   RO         1126    i.HAL_GPIO_ReadPin  stm32f1xx_hal_gpio.o
    0x080022d2   0x080022d2   0x0000000a   Code   RO         1128    i.HAL_GPIO_WritePin  stm32f1xx_hal_gpio.o
    0x080022dc   0x080022dc   0x0000000c   Code   RO          820    i.HAL_GetTick       stm32f1xx_hal.o
    0x080022e8   0x080022e8   0x00000010   Code   RO          826    i.HAL_IncTick       stm32f1xx_hal.o
    0x080022f8   0x080022f8   0x00000024   Code   RO          827    i.HAL_Init          stm32f1xx_hal.o
    0x0800231c   0x0800231c   0x00000040   Code   RO          828    i.HAL_InitTick      stm32f1xx_hal.o
    0x0800235c   0x0800235c   0x0000002c   Code   RO          473    i.HAL_MspInit       stm32f1xx_hal_msp.o
    0x08002388   0x08002388   0x0000001a   Code   RO         1284    i.HAL_NVIC_EnableIRQ  stm32f1xx_hal_cortex.o
    0x080023a2   0x080023a2   0x00000002   PAD
    0x080023a4   0x080023a4   0x00000040   Code   RO         1290    i.HAL_NVIC_SetPriority  stm32f1xx_hal_cortex.o
    0x080023e4   0x080023e4   0x00000024   Code   RO         1291    i.HAL_NVIC_SetPriorityGrouping  stm32f1xx_hal_cortex.o
    0x08002408   0x08002408   0x000000d4   Code   RO         1086    i.HAL_RCCEx_GetPeriphCLKFreq  stm32f1xx_hal_rcc_ex.o
    0x080024dc   0x080024dc   0x000000ec   Code   RO         1087    i.HAL_RCCEx_PeriphCLKConfig  stm32f1xx_hal_rcc_ex.o
    0x080025c8   0x080025c8   0x0000012c   Code   RO          984    i.HAL_RCC_ClockConfig  stm32f1xx_hal_rcc.o
    0x080026f4   0x080026f4   0x00000020   Code   RO          991    i.HAL_RCC_GetPCLK1Freq  stm32f1xx_hal_rcc.o
    0x08002714   0x08002714   0x00000020   Code   RO          992    i.HAL_RCC_GetPCLK2Freq  stm32f1xx_hal_rcc.o
    0x08002734   0x08002734   0x0000006c   Code   RO          993    i.HAL_RCC_GetSysClockFreq  stm32f1xx_hal_rcc.o
    0x080027a0   0x080027a0   0x00000320   Code   RO          996    i.HAL_RCC_OscConfig  stm32f1xx_hal_rcc.o
    0x08002ac0   0x08002ac0   0x00000028   Code   RO         1295    i.HAL_SYSTICK_Config  stm32f1xx_hal_cortex.o
    0x08002ae8   0x08002ae8   0x00000002   Code   RO         2490    i.HAL_TIMEx_BreakCallback  stm32f1xx_hal_tim_ex.o
    0x08002aea   0x08002aea   0x00000002   Code   RO         2491    i.HAL_TIMEx_CommutCallback  stm32f1xx_hal_tim_ex.o
    0x08002aec   0x08002aec   0x0000007c   Code   RO         2509    i.HAL_TIMEx_MasterConfigSynchronization  stm32f1xx_hal_tim_ex.o
    0x08002b68   0x08002b68   0x0000005a   Code   RO         1786    i.HAL_TIM_Base_Init  stm32f1xx_hal_tim.o
    0x08002bc2   0x08002bc2   0x00000002   PAD
    0x08002bc4   0x08002bc4   0x00000038   Code   RO          260    i.HAL_TIM_Base_MspInit  tim.o
    0x08002bfc   0x08002bfc   0x000000d6   Code   RO         1795    i.HAL_TIM_ConfigClockSource  stm32f1xx_hal_tim.o
    0x08002cd2   0x08002cd2   0x00000002   Code   RO         1820    i.HAL_TIM_IC_CaptureCallback  stm32f1xx_hal_tim.o
    0x08002cd4   0x08002cd4   0x00000166   Code   RO         1834    i.HAL_TIM_IRQHandler  stm32f1xx_hal_tim.o
    0x08002e3a   0x08002e3a   0x00000002   PAD
    0x08002e3c   0x08002e3c   0x00000048   Code   RO          261    i.HAL_TIM_MspPostInit  tim.o
    0x08002e84   0x08002e84   0x00000002   Code   RO         1837    i.HAL_TIM_OC_DelayElapsedCallback  stm32f1xx_hal_tim.o
    0x08002e86   0x08002e86   0x000000c6   Code   RO         1858    i.HAL_TIM_PWM_ConfigChannel  stm32f1xx_hal_tim.o
    0x08002f4c   0x08002f4c   0x0000005a   Code   RO         1861    i.HAL_TIM_PWM_Init  stm32f1xx_hal_tim.o
    0x08002fa6   0x08002fa6   0x00000002   Code   RO         1863    i.HAL_TIM_PWM_MspInit  stm32f1xx_hal_tim.o
    0x08002fa8   0x08002fa8   0x00000002   Code   RO         1864    i.HAL_TIM_PWM_PulseFinishedCallback  stm32f1xx_hal_tim.o
    0x08002faa   0x08002faa   0x00000002   PAD
    0x08002fac   0x08002fac   0x000000b4   Code   RO         1866    i.HAL_TIM_PWM_Start  stm32f1xx_hal_tim.o
    0x08003060   0x08003060   0x00000002   Code   RO         1872    i.HAL_TIM_PeriodElapsedCallback  stm32f1xx_hal_tim.o
    0x08003062   0x08003062   0x00000002   Code   RO         1877    i.HAL_TIM_TriggerCallback  stm32f1xx_hal_tim.o
    0x08003064   0x08003064   0x00000002   Code   RO         2768    i.HAL_UARTEx_RxEventCallback  stm32f1xx_hal_uart.o
    0x08003066   0x08003066   0x00000002   Code   RO         2782    i.HAL_UART_ErrorCallback  stm32f1xx_hal_uart.o
    0x08003068   0x08003068   0x0000020c   Code   RO         2785    i.HAL_UART_IRQHandler  stm32f1xx_hal_uart.o
    0x08003274   0x08003274   0x00000062   Code   RO         2786    i.HAL_UART_Init     stm32f1xx_hal_uart.o
    0x080032d6   0x080032d6   0x00000002   PAD
    0x080032d8   0x080032d8   0x000000e0   Code   RO          308    i.HAL_UART_MspInit  usart.o
    0x080033b8   0x080033b8   0x000000c0   Code   RO         2789    i.HAL_UART_Receive  stm32f1xx_hal_uart.o
    0x08003478   0x08003478   0x00000002   Code   RO         2792    i.HAL_UART_RxCpltCallback  stm32f1xx_hal_uart.o
    0x0800347a   0x0800347a   0x00000002   PAD
    0x0800347c   0x0800347c   0x000000b2   Code   RO         2794    i.HAL_UART_Transmit  stm32f1xx_hal_uart.o
    0x0800352e   0x0800352e   0x00000002   Code   RO         2797    i.HAL_UART_TxCpltCallback  stm32f1xx_hal_uart.o
    0x08003530   0x08003530   0x00000002   Code   RO          367    i.HardFault_Handler  stm32f1xx_it.o
    0x08003532   0x08003532   0x00000002   PAD
    0x08003534   0x08003534   0x00000050   Code   RO          195    i.MX_ADC1_Init      adc.o
    0x08003584   0x08003584   0x0000004c   Code   RO          235    i.MX_DMA_Init       dma.o
    0x080035d0   0x080035d0   0x000000b0   Code   RO          169    i.MX_GPIO_Init      gpio.o
    0x08003680   0x08003680   0x00000098   Code   RO          262    i.MX_TIM2_Init      tim.o
    0x08003718   0x08003718   0x00000038   Code   RO          309    i.MX_USART1_UART_Init  usart.o
    0x08003750   0x08003750   0x00000002   Code   RO          368    i.MemManage_Handler  stm32f1xx_it.o
    0x08003752   0x08003752   0x00000002   Code   RO          369    i.NMI_Handler       stm32f1xx_it.o
    0x08003754   0x08003754   0x00000002   Code   RO          370    i.PendSV_Handler    stm32f1xx_it.o
    0x08003756   0x08003756   0x00000002   Code   RO          371    i.SVC_Handler       stm32f1xx_it.o
    0x08003758   0x08003758   0x00000004   Code   RO          372    i.SysTick_Handler   stm32f1xx_it.o
    0x0800375c   0x0800375c   0x0000007a   Code   RO           14    i.SystemClock_Config  main.o
    0x080037d6   0x080037d6   0x00000002   Code   RO         3115    i.SystemInit        system_stm32f1xx.o
    0x080037d8   0x080037d8   0x0000000c   Code   RO          373    i.TIM2_IRQHandler   stm32f1xx_it.o
    0x080037e4   0x080037e4   0x0000008c   Code   RO         1879    i.TIM_Base_SetConfig  stm32f1xx_hal_tim.o
    0x08003870   0x08003870   0x0000001a   Code   RO         1880    i.TIM_CCxChannelCmd  stm32f1xx_hal_tim.o
    0x0800388a   0x0800388a   0x00000014   Code   RO         1890    i.TIM_ETR_SetConfig  stm32f1xx_hal_tim.o
    0x0800389e   0x0800389e   0x00000010   Code   RO         1891    i.TIM_ITRx_SetConfig  stm32f1xx_hal_tim.o
    0x080038ae   0x080038ae   0x00000002   PAD
    0x080038b0   0x080038b0   0x00000060   Code   RO         1892    i.TIM_OC1_SetConfig  stm32f1xx_hal_tim.o
    0x08003910   0x08003910   0x0000006c   Code   RO         1893    i.TIM_OC2_SetConfig  stm32f1xx_hal_tim.o
    0x0800397c   0x0800397c   0x00000068   Code   RO         1894    i.TIM_OC3_SetConfig  stm32f1xx_hal_tim.o
    0x080039e4   0x080039e4   0x00000050   Code   RO         1895    i.TIM_OC4_SetConfig  stm32f1xx_hal_tim.o
    0x08003a34   0x08003a34   0x00000022   Code   RO         1897    i.TIM_TI1_ConfigInputStage  stm32f1xx_hal_tim.o
    0x08003a56   0x08003a56   0x00000024   Code   RO         1899    i.TIM_TI2_ConfigInputStage  stm32f1xx_hal_tim.o
    0x08003a7a   0x08003a7a   0x00000010   Code   RO         2799    i.UART_DMAAbortOnError  stm32f1xx_hal_uart.o
    0x08003a8a   0x08003a8a   0x00000030   Code   RO         2809    i.UART_EndRxTransfer  stm32f1xx_hal_uart.o
    0x08003aba   0x08003aba   0x000000b6   Code   RO         2811    i.UART_Receive_IT   stm32f1xx_hal_uart.o
    0x08003b70   0x08003b70   0x000000b8   Code   RO         2812    i.UART_SetConfig    stm32f1xx_hal_uart.o
    0x08003c28   0x08003c28   0x00000064   Code   RO         2815    i.UART_WaitOnFlagUntilTimeout  stm32f1xx_hal_uart.o
    0x08003c8c   0x08003c8c   0x0000000c   Code   RO          374    i.USART1_IRQHandler  stm32f1xx_it.o
    0x08003c98   0x08003c98   0x00000002   Code   RO          375    i.UsageFault_Handler  stm32f1xx_it.o
    0x08003c9a   0x08003c9a   0x00000020   Code   RO         1297    i.__NVIC_SetPriority  stm32f1xx_hal_cortex.o
    0x08003cba   0x08003cba   0x00000002   PAD
    0x08003cbc   0x08003cbc   0x00000020   Code   RO          310    i.fgetc             usart.o
    0x08003cdc   0x08003cdc   0x00000018   Code   RO          311    i.fputc             usart.o
    0x08003cf4   0x08003cf4   0x000002b8   Code   RO           15    i.main              main.o
    0x08003fac   0x08003fac   0x0000002c   Code   RO         3508    locale$$code        c_w.l(lc_ctype_c.o)
    0x08003fd8   0x08003fd8   0x00000150   Code   RO         3193    x$fpl$dadd          fz_ws.l(daddsub_clz.o)
    0x08004128   0x08004128   0x000002b0   Code   RO         3200    x$fpl$ddiv          fz_ws.l(ddiv.o)
    0x080043d8   0x080043d8   0x0000005a   Code   RO         3203    x$fpl$dfixu         fz_ws.l(dfixu.o)
    0x08004432   0x08004432   0x00000026   Code   RO         3207    x$fpl$dfltu         fz_ws.l(dflt_clz.o)
    0x08004458   0x08004458   0x00000154   Code   RO         3213    x$fpl$dmul          fz_ws.l(dmul.o)
    0x080045ac   0x080045ac   0x0000009c   Code   RO         3231    x$fpl$dnaninf       fz_ws.l(dnaninf.o)
    0x08004648   0x08004648   0x0000000c   Code   RO         3233    x$fpl$dretinf       fz_ws.l(dretinf.o)
    0x08004654   0x08004654   0x00000016   Code   RO         3194    x$fpl$drsb          fz_ws.l(daddsub_clz.o)
    0x0800466a   0x0800466a   0x00000002   PAD
    0x0800466c   0x0800466c   0x000001d4   Code   RO         3195    x$fpl$dsub          fz_ws.l(daddsub_clz.o)
    0x08004840   0x08004840   0x00000000   Code   RO         3235    x$fpl$usenofp       fz_ws.l(usenofp.o)
    0x08004840   0x08004840   0x00000010   Data   RO         3116    .constdata          system_stm32f1xx.o
    0x08004850   0x08004850   0x00000008   Data   RO         3117    .constdata          system_stm32f1xx.o
    0x08004858   0x08004858   0x00000004   Data   RO         3268    .constdata          c_w.l(sys_io.o)
    0x0800485c   0x0800485c   0x00000004   Data   RO         3269    .constdata          c_w.l(sys_io.o)
    0x08004860   0x08004860   0x00000004   Data   RO         3270    .constdata          c_w.l(sys_io.o)
    0x08004864   0x08004864   0x00000069   Data   RO           16    .conststring        main.o
    0x080048cd   0x080048cd   0x00000003   PAD
    0x080048d0   0x080048d0   0x00000020   Data   RO         3567    Region$$Table       anon$$obj.o
    0x080048f0   0x080048f0   0x00000110   Data   RO         3507    locale$$data        c_w.l(lc_ctype_c.o)


    Execution Region RW_IRAM1 (Exec base: 0x20000000, Load base: 0x08004a00, Size: 0x00000910, Max: 0x00010000, ABSOLUTE)

    Exec Addr    Load Addr    Size         Type   Attr      Idx    E Section Name        Object

    0x20000000   0x08004a00   0x00000010   Data   RW           17    .data               main.o
    0x20000010   0x08004a10   0x0000000c   Data   RW          834    .data               stm32f1xx_hal.o
    0x2000001c   0x08004a1c   0x00000004   Data   RW         3118    .data               system_stm32f1xx.o
    0x20000020   0x08004a20   0x00000004   Data   RW         3228    .data               c_w.l(stdio_streams.o)
    0x20000024   0x08004a24   0x00000004   Data   RW         3229    .data               c_w.l(stdio_streams.o)
    0x20000028   0x08004a28   0x00000004   Data   RW         3230    .data               c_w.l(stdio_streams.o)
    0x2000002c        -       0x00000074   Zero   RW          196    .bss                adc.o
    0x200000a0        -       0x00000048   Zero   RW          263    .bss                tim.o
    0x200000e8        -       0x000000cc   Zero   RW          312    .bss                usart.o
    0x200001b4        -       0x00000054   Zero   RW         3225    .bss                c_w.l(stdio_streams.o)
    0x20000208        -       0x00000054   Zero   RW         3226    .bss                c_w.l(stdio_streams.o)
    0x2000025c        -       0x00000054   Zero   RW         3227    .bss                c_w.l(stdio_streams.o)
    0x200002b0        -       0x00000060   Zero   RW         3427    .bss                c_w.l(libspace.o)
    0x20000310        -       0x00000200   Zero   RW            2    HEAP                startup_stm32f103xe.o
    0x20000510        -       0x00000400   Zero   RW            1    STACK               startup_stm32f103xe.o


==============================================================================

Image component sizes


      Code (inc. data)   RO Data    RW Data    ZI Data      Debug   Object Name

       240         28          0          0        116       1755   adc.o
        76          4          0          0          0        774   dma.o
       176         16          0          0          0        967   gpio.o
       822        246        105         16          0     513232   main.o
        64         26        304          0       1536        812   startup_stm32f103xe.o
       164         28          0         12          0       6509   stm32f1xx_hal.o
      1690         72          0          0          0      11533   stm32f1xx_hal_adc.o
       218          6          0          0          0       1971   stm32f1xx_hal_adc_ex.o
       198         14          0          0          0      28987   stm32f1xx_hal_cortex.o
      1236         52          0          0          0       5118   stm32f1xx_hal_dma.o
       524         42          0          0          0       3535   stm32f1xx_hal_gpio.o
        44          6          0          0          0        834   stm32f1xx_hal_msp.o
      1272        100          0          0          0       5188   stm32f1xx_hal_rcc.o
       448         44          0          0          0       2565   stm32f1xx_hal_rcc_ex.o
      1802         76          0          0          0      15914   stm32f1xx_hal_tim.o
       128         20          0          0          0       2369   stm32f1xx_hal_tim_ex.o
      1530         10          0          0          0      10871   stm32f1xx_hal_uart.o
        92         36          0          0          0       6509   stm32f1xx_it.o
         2          0         24          4          0       1119   system_stm32f1xx.o
       280         20          0          0         72       2332   tim.o
       336         36          0          0        204       2948   usart.o

    ----------------------------------------------------------------------
     11368        882        468         32       1928     625842   Object Totals
         0          0         32          0          0          0   (incl. Generated)
        26          0          3          0          0          0   (incl. Padding)

    ----------------------------------------------------------------------

      Code (inc. data)   RO Data    RW Data    ZI Data      Debug   Library Member Name

        32          6          0          0          0         84   __0scanf.o
         8          0          0          0          0         68   __main.o
       104          0          0          0          0         84   __printf.o
         0          0          0          0          0          0   __rtentry.o
        12          0          0          0          0          0   __rtentry2.o
         6          0          0          0          0          0   __rtentry4.o
        52          8          0          0          0          0   __scatter.o
        26          0          0          0          0          0   __scatter_copy.o
        28          0          0          0          0          0   __scatter_zi.o
        28          0          0          0          0         68   _chval.o
        48          6          0          0          0         96   _printf_char_common.o
        36          4          0          0          0         80   _printf_char_file.o
         6          0          0          0          0          0   _printf_d.o
       120         16          0          0          0         92   _printf_dec.o
       178          0          0          0          0         88   _printf_intcommon.o
         0          0          0          0          0          0   _printf_percent.o
         4          0          0          0          0          0   _printf_percent_end.o
       884          4          0          0          0        100   _scanf.o
       332          0          0          0          0         96   _scanf_int.o
        72          0          0          0          0         92   backspace.o
        10          0          0          0          0         68   defsig_exit.o
        50          0          0          0          0         88   defsig_general.o
        80         58          0          0          0         76   defsig_rtmem_inner.o
        14          0          0          0          0         80   defsig_rtmem_outer.o
        52         38          0          0          0         76   defsig_rtred_inner.o
        14          0          0          0          0         80   defsig_rtred_outer.o
        18          0          0          0          0         80   exit.o
        76          0          0          0          0         88   fclose.o
         8          0          0          0          0         68   ferror.o
       236          4          0          0          0        128   fopen.o
       248          6          0          0          0         84   fseek.o
        66          0          0          0          0         76   ftell.o
        94          0          0          0          0         80   h1_alloc.o
        52          0          0          0          0         68   h1_extend.o
        78          0          0          0          0         80   h1_free.o
        14          0          0          0          0         84   h1_init.o
         6          0          0          0          0        152   heapauxi.o
         4          0          0          0          0        136   hguard.o
         0          0          0          0          0          0   indicate_semi.o
       138          0          0          0          0        168   init_alloc.o
       312         46          0          0          0        112   initio.o
        18          0          0          0          0         76   isspace.o
        44         10        272          0          0         76   lc_ctype_c.o
         2          0          0          0          0          0   libinit.o
        32          0          0          0          0          0   libinit2.o
         2          0          0          0          0          0   libshutdown.o
         6          0          0          0          0          0   libshutdown2.o
         8          4          0          0         96         68   libspace.o
         0          0          0          0          0          0   maybetermalloc1.o
        24          4          0          0          0         84   noretval__2printf.o
        16          4          0          0          0         76   rt_ctype_table.o
         8          4          0          0          0         68   rt_errno_addr_intlibspace.o
         8          4          0          0          0         68   rt_heap_descriptor_intlibspace.o
         8          4          0          0          0         68   rt_locale_intlibspace.o
        78          0          0          0          0         80   rt_memclr_w.o
         2          0          0          0          0          0   rtexit.o
        10          0          0          0          0          0   rtexit2.o
        44          8          0          0          0         84   scanf_char.o
        24          8          0          0          0         68   scanf_char_file.o
        70          0          0          0          0         80   setvbuf.o
       240          6          0          0          0        156   stdio.o
         0          0          0         12        252          0   stdio_streams.o
       128          0          0          0          0         68   strcmpv7m.o
        62          0          0          0          0         76   strlen.o
        12          4          0          0          0         68   sys_exit.o
       102          0         12          0          0        240   sys_io.o
        74          0          0          0          0         80   sys_stackheap_outer.o
        14          0          0          0          0         76   sys_wrch.o
        72         12          0          0          0         68   ungetc.o
         2          0          0          0          0         68   use_no_semi.o
       826         16          0          0          0        348   daddsub_clz.o
       688        140          0          0          0        208   ddiv.o
        90          4          0          0          0         92   dfixu.o
        38          0          0          0          0         68   dflt_clz.o
       340         12          0          0          0        104   dmul.o
       156          4          0          0          0         92   dnaninf.o
        12          0          0          0          0         68   dretinf.o
         0          0          0          0          0          0   usenofp.o

    ----------------------------------------------------------------------
      6824        444        284         12        348       5596   Library Totals
        18          0          0          0          0          0   (incl. Padding)

    ----------------------------------------------------------------------

      Code (inc. data)   RO Data    RW Data    ZI Data      Debug   Library Name

      4656        268        284         12        348       4616   c_w.l
      2150        176          0          0          0        980   fz_ws.l

    ----------------------------------------------------------------------
      6824        444        284         12        348       5596   Library Totals

    ----------------------------------------------------------------------

==============================================================================


      Code (inc. data)   RO Data    RW Data    ZI Data      Debug   

     18192       1326        752         44       2276     622906   Grand Totals
     18192       1326        752         44       2276     622906   ELF Image Totals
     18192       1326        752         44          0          0   ROM Totals

==============================================================================

    Total RO  Size (Code + RO Data)                18944 (  18.50kB)
    Total RW  Size (RW Data + ZI Data)              2320 (   2.27kB)
    Total ROM Size (Code + RO Data + RW Data)      18988 (  18.54kB)

==============================================================================

